
****** Vitis HLS - High-Level Synthesis from C, C++ and OpenCL v2022.2 (64-bit)
  **** SW Build 3670227 on Oct 13 2022
  **** IP Build 3669848 on Fri Oct 14 08:30:02 MDT 2022
    ** Copyright 1986-2022 Xilinx, Inc. All Rights Reserved.

source C:/Xilinx/Vitis_HLS/2022.2/scripts/vitis_hls/hls.tcl -notrace
INFO: [HLS 200-10] Running 'C:/Xilinx/Vitis_HLS/2022.2/bin/unwrapped/win64.o/vitis_hls.exe'
INFO: [HLS 200-10] For user 'ASUS' on host 'laptop-q3fh6km8' (Windows NT_amd64 version 6.2) on Wed Apr 08 22:01:16 +0800 2026
INFO: [HLS 200-10] In directory 'C:/VitisProject/Vitis/OFDM/TX/RS'
Sourcing Tcl script 'scripts/run_all.tcl'
INFO: [HLS 200-1510] Running: open_project -reset rs_encoder_tx 
INFO: [HLS 200-10] Creating and opening project 'C:/VitisProject/Vitis/OFDM/TX/RS/rs_encoder_tx'.
INFO: [HLS 200-1510] Running: set_top rs_encoder_tx 
INFO: [HLS 200-1510] Running: add_files C:/VitisProject/Vitis/OFDM/TX/RS/rs_encoder_tx.cpp -cflags -IC:/VitisProject/Vitis/OFDM/TX/RS 
INFO: [HLS 200-10] Adding design file 'C:/VitisProject/Vitis/OFDM/TX/RS/rs_encoder_tx.cpp' to the project
INFO: [HLS 200-1510] Running: add_files -tb C:/VitisProject/Vitis/OFDM/TX/RS/tb_rs_encoder.cpp -cflags -IC:/VitisProject/Vitis/OFDM/TX/RS -csimflags -IC:/VitisProject/Vitis/OFDM/TX/RS 
INFO: [HLS 200-10] Adding test bench file 'C:/VitisProject/Vitis/OFDM/TX/RS/tb_rs_encoder.cpp' to the project
INFO: [HLS 200-1510] Running: open_solution -reset solution1 
INFO: [HLS 200-10] Creating and opening solution 'C:/VitisProject/Vitis/OFDM/TX/RS/rs_encoder_tx/solution1'.
INFO: [HLS 200-10] Cleaning up the solution database.
INFO: [HLS 200-1505] Using default flow_target 'vivado'
Resolution: For help on HLS 200-1505 see www.xilinx.com/cgi-bin/docs/rdoc?v=2022.2;t=hls+guidance;d=200-1505.html
INFO: [HLS 200-435] Setting 'open_solution -flow_target vivado' configuration: config_interface -m_axi_latency=0
INFO: [HLS 200-1510] Running: set_part xczu48dr-fsvg1517-2-e 
INFO: [HLS 200-1611] Setting target device to 'xczu48dr-fsvg1517-2-e'
INFO: [HLS 200-1510] Running: create_clock -period 10 -name default 
INFO: [SYN 201-201] Setting up clock 'default' with a period of 10ns.
INFO: [HLS 200-1510] Running: set_clock_uncertainty 1.25 default 
INFO: [SYN 201-201] Setting up clock 'default' with an uncertainty of 1.25ns.
=== Project Created ===
  Name    : rs_encoder_tx
  Top     : rs_encoder_tx
  Part    : xczu48dr-fsvg1517-2-e
  Clock   : 10 ns  (uncertainty: 1.25 ns)
  Root dir: C:/VitisProject/Vitis/OFDM/TX/RS
=======================

>>> C Simulation
INFO: [HLS 200-1510] Running: csim_design -O -clean 
Running Dispatch Server on port: 55427
INFO: [SIM 211-2] *************** CSIM start ***************
INFO: [SIM 211-4] CSIM will launch GCC as the compiler.
   Compiling ../../../../tb_rs_encoder.cpp in release mode
   Compiling ../../../../rs_encoder_tx.cpp in release mode
   Generating csim.exe
In file included from C:/Xilinx/Vitis_HLS/2022.2/include/floating_point_v7_1_bitacc_cmodel.h:149:0,
                 from C:/Xilinx/Vitis_HLS/2022.2/include/hls_fpo.h:143,
                 from C:/Xilinx/Vitis_HLS/2022.2/include/hls_half_fpo.h:18,
                 from C:/Xilinx/Vitis_HLS/2022.2/include/hls_half.h:25,
                 from C:/Xilinx/Vitis_HLS/2022.2/include/etc/ap_private.h:52,
                 from C:/Xilinx/Vitis_HLS/2022.2/include/ap_common.h:666,
                 from C:/Xilinx/Vitis_HLS/2022.2/include/ap_int.h:10,
                 from ../../../../rs_encoder_tx.h:4,
                 from ../../../../tb_rs_encoder.cpp:1:
C:/Xilinx/Vitis_HLS/2022.2/include/gmp.h:58:0: warning: "__GMP_LIBGMP_DLL" redefined
 #define __GMP_LIBGMP_DLL  0
 
In file included from C:/Xilinx/Vitis_HLS/2022.2/include/hls_fpo.h:143:0,
                 from C:/Xilinx/Vitis_HLS/2022.2/include/hls_half_fpo.h:18,
                 from C:/Xilinx/Vitis_HLS/2022.2/include/hls_half.h:25,
                 from C:/Xilinx/Vitis_HLS/2022.2/include/etc/ap_private.h:52,
                 from C:/Xilinx/Vitis_HLS/2022.2/include/ap_common.h:666,
                 from C:/Xilinx/Vitis_HLS/2022.2/include/ap_int.h:10,
                 from ../../../../rs_encoder_tx.h:4,
                 from ../../../../tb_rs_encoder.cpp:1:
C:/Xilinx/Vitis_HLS/2022.2/include/floating_point_v7_1_bitacc_cmodel.h:141:0: note: this is the location of the previous definition
 #define __GMP_LIBGMP_DLL 1
 
In file included from C:/Xilinx/Vitis_HLS/2022.2/include/floating_point_v7_1_bitacc_cmodel.h:149:0,
                 from C:/Xilinx/Vitis_HLS/2022.2/include/hls_fpo.h:143,
                 from C:/Xilinx/Vitis_HLS/2022.2/include/hls_half_fpo.h:18,
                 from C:/Xilinx/Vitis_HLS/2022.2/include/hls_half.h:25,
                 from C:/Xilinx/Vitis_HLS/2022.2/include/etc/ap_private.h:52,
                 from C:/Xilinx/Vitis_HLS/2022.2/include/ap_common.h:666,
                 from C:/Xilinx/Vitis_HLS/2022.2/include/ap_int.h:10,
                 from ../../../../rs_encoder_tx.h:4,
                 from ../../../../rs_encoder_tx.cpp:1:
C:/Xilinx/Vitis_HLS/2022.2/include/gmp.h:58:0: warning: "__GMP_LIBGMP_DLL" redefined
 #define __GMP_LIBGMP_DLL  0
 
In file included from C:/Xilinx/Vitis_HLS/2022.2/include/hls_fpo.h:143:0,
                 from C:/Xilinx/Vitis_HLS/2022.2/include/hls_half_fpo.h:18,
                 from C:/Xilinx/Vitis_HLS/2022.2/include/hls_half.h:25,
                 from C:/Xilinx/Vitis_HLS/2022.2/include/etc/ap_private.h:52,
                 from C:/Xilinx/Vitis_HLS/2022.2/include/ap_common.h:666,
                 from C:/Xilinx/Vitis_HLS/2022.2/include/ap_int.h:10,
                 from ../../../../rs_encoder_tx.h:4,
                 from ../../../../rs_encoder_tx.cpp:1:
C:/Xilinx/Vitis_HLS/2022.2/include/floating_point_v7_1_bitacc_cmodel.h:141:0: note: this is the location of the previous definition
 #define __GMP_LIBGMP_DLL 1
 
============================================================
   RS Encoder: Bit-True Verification & Stress Test
============================================================
[Gen] Generating Packets and Golden Reference...
[Gen] Total Input Bytes: 1326
[HW] Running RS Encoder Kernel...
[Chk] Verifying Output...
============================================================
PASS: Hardware matches Software Golden Model perfectly.
      Processed 1326 bytes (Data + Parity).

============================================================
   Golden Pattern Dump (copy into RX testbench)
============================================================

// QPSK input (188 bytes): data[0]=0x47, data[i]=i
const uint8_t golden_qpsk_input[188] = {
    0x47, 0x01, 0x02, 0x03, 0x04, 0x05, 0x06, 0x07, 0x08, 0x09, 0x0A, 0x0B, 0x0C, 0x0D, 0x0E, 0x0F, 
    0x10, 0x11, 0x12, 0x13, 0x14, 0x15, 0x16, 0x17, 0x18, 0x19, 0x1A, 0x1B, 0x1C, 0x1D, 0x1E, 0x1F, 
    0x20, 0x21, 0x22, 0x23, 0x24, 0x25, 0x26, 0x27, 0x28, 0x29, 0x2A, 0x2B, 0x2C, 0x2D, 0x2E, 0x2F, 
    0x30, 0x31, 0x32, 0x33, 0x34, 0x35, 0x36, 0x37, 0x38, 0x39, 0x3A, 0x3B, 0x3C, 0x3D, 0x3E, 0x3F, 
    0x40, 0x41, 0x42, 0x43, 0x44, 0x45, 0x46, 0x47, 0x48, 0x49, 0x4A, 0x4B, 0x4C, 0x4D, 0x4E, 0x4F, 
    0x50, 0x51, 0x52, 0x53, 0x54, 0x55, 0x56, 0x57, 0x58, 0x59, 0x5A, 0x5B, 0x5C, 0x5D, 0x5E, 0x5F, 
    0x60, 0x61, 0x62, 0x63, 0x64, 0x65, 0x66, 0x67, 0x68, 0x69, 0x6A, 0x6B, 0x6C, 0x6D, 0x6E, 0x6F, 
    0x70, 0x71, 0x72, 0x73, 0x74, 0x75, 0x76, 0x77, 0x78, 0x79, 0x7A, 0x7B, 0x7C, 0x7D, 0x7E, 0x7F, 
    0x80, 0x81, 0x82, 0x83, 0x84, 0x85, 0x86, 0x87, 0x88, 0x89, 0x8A, 0x8B, 0x8C, 0x8D, 0x8E, 0x8F, 
    0x90, 0x91, 0x92, 0x93, 0x94, 0x95, 0x96, 0x97, 0x98, 0x99, 0x9A, 0x9B, 0x9C, 0x9D, 0x9E, 0x9F, 
    0xA0, 0xA1, 0xA2, 0xA3, 0xA4, 0xA5, 0xA6, 0xA7, 0xA8, 0xA9, 0xAA, 0xAB, 0xAC, 0xAD, 0xAE, 0xAF, 
    0xB0, 0xB1, 0xB2, 0xB3, 0xB4, 0xB5, 0xB6, 0xB7, 0xB8, 0xB9, 0xBA, 0xBB
};

// QPSK codeword (204 bytes): SW golden output
const uint8_t golden_qpsk_codeword[204] = {
    0x47, 0x01, 0x02, 0x03, 0x04, 0x05, 0x06, 0x07, 0x08, 0x09, 0x0A, 0x0B, 0x0C, 0x0D, 0x0E, 0x0F, 
    0x10, 0x11, 0x12, 0x13, 0x14, 0x15, 0x16, 0x17, 0x18, 0x19, 0x1A, 0x1B, 0x1C, 0x1D, 0x1E, 0x1F, 
    0x20, 0x21, 0x22, 0x23, 0x24, 0x25, 0x26, 0x27, 0x28, 0x29, 0x2A, 0x2B, 0x2C, 0x2D, 0x2E, 0x2F, 
    0x30, 0x31, 0x32, 0x33, 0x34, 0x35, 0x36, 0x37, 0x38, 0x39, 0x3A, 0x3B, 0x3C, 0x3D, 0x3E, 0x3F, 
    0x40, 0x41, 0x42, 0x43, 0x44, 0x45, 0x46, 0x47, 0x48, 0x49, 0x4A, 0x4B, 0x4C, 0x4D, 0x4E, 0x4F, 
    0x50, 0x51, 0x52, 0x53, 0x54, 0x55, 0x56, 0x57, 0x58, 0x59, 0x5A, 0x5B, 0x5C, 0x5D, 0x5E, 0x5F, 
    0x60, 0x61, 0x62, 0x63, 0x64, 0x65, 0x66, 0x67, 0x68, 0x69, 0x6A, 0x6B, 0x6C, 0x6D, 0x6E, 0x6F, 
    0x70, 0x71, 0x72, 0x73, 0x74, 0x75, 0x76, 0x77, 0x78, 0x79, 0x7A, 0x7B, 0x7C, 0x7D, 0x7E, 0x7F, 
    0x80, 0x81, 0x82, 0x83, 0x84, 0x85, 0x86, 0x87, 0x88, 0x89, 0x8A, 0x8B, 0x8C, 0x8D, 0x8E, 0x8F, 
    0x90, 0x91, 0x92, 0x93, 0x94, 0x95, 0x96, 0x97, 0x98, 0x99, 0x9A, 0x9B, 0x9C, 0x9D, 0x9E, 0x9F, 
    0xA0, 0xA1, 0xA2, 0xA3, 0xA4, 0xA5, 0xA6, 0xA7, 0xA8, 0xA9, 0xAA, 0xAB, 0xAC, 0xAD, 0xAE, 0xAF, 
    0xB0, 0xB1, 0xB2, 0xB3, 0xB4, 0xB5, 0xB6, 0xB7, 0xB8, 0xB9, 0xBA, 0xBB, 0x4F, 0x29, 0xDC, 0x45, 
    0x0E, 0x4C, 0x03, 0x5B, 0xBA, 0xE8, 0x93, 0x84, 0x03, 0x00, 0xE0, 0x04
};

// 8PSK input (274 bytes): data[0]=0x47, data[i]=i
const uint8_t golden_8psk_input[274] = {
    0x47, 0x01, 0x02, 0x03, 0x04, 0x05, 0x06, 0x07, 0x08, 0x09, 0x0A, 0x0B, 0x0C, 0x0D, 0x0E, 0x0F, 
    0x10, 0x11, 0x12, 0x13, 0x14, 0x15, 0x16, 0x17, 0x18, 0x19, 0x1A, 0x1B, 0x1C, 0x1D, 0x1E, 0x1F, 
    0x20, 0x21, 0x22, 0x23, 0x24, 0x25, 0x26, 0x27, 0x28, 0x29, 0x2A, 0x2B, 0x2C, 0x2D, 0x2E, 0x2F, 
    0x30, 0x31, 0x32, 0x33, 0x34, 0x35, 0x36, 0x37, 0x38, 0x39, 0x3A, 0x3B, 0x3C, 0x3D, 0x3E, 0x3F, 
    0x40, 0x41, 0x42, 0x43, 0x44, 0x45, 0x46, 0x47, 0x48, 0x49, 0x4A, 0x4B, 0x4C, 0x4D, 0x4E, 0x4F, 
    0x50, 0x51, 0x52, 0x53, 0x54, 0x55, 0x56, 0x57, 0x58, 0x59, 0x5A, 0x5B, 0x5C, 0x5D, 0x5E, 0x5F, 
    0x60, 0x61, 0x62, 0x63, 0x64, 0x65, 0x66, 0x67, 0x68, 0x69, 0x6A, 0x6B, 0x6C, 0x6D, 0x6E, 0x6F, 
    0x70, 0x71, 0x72, 0x73, 0x74, 0x75, 0x76, 0x77, 0x78, 0x79, 0x7A, 0x7B, 0x7C, 0x7D, 0x7E, 0x7F, 
    0x80, 0x81, 0x82, 0x83, 0x84, 0x85, 0x86, 0x87, 0x88, 0x89, 0x8A, 0x8B, 0x8C, 0x8D, 0x8E, 0x8F, 
    0x90, 0x91, 0x92, 0x93, 0x94, 0x95, 0x96, 0x97, 0x98, 0x99, 0x9A, 0x9B, 0x9C, 0x9D, 0x9E, 0x9F, 
    0xA0, 0xA1, 0xA2, 0xA3, 0xA4, 0xA5, 0xA6, 0xA7, 0xA8, 0xA9, 0xAA, 0xAB, 0xAC, 0xAD, 0xAE, 0xAF, 
    0xB0, 0xB1, 0xB2, 0xB3, 0xB4, 0xB5, 0xB6, 0xB7, 0xB8, 0xB9, 0xBA, 0xBB, 0xBC, 0xBD, 0xBE, 0xBF, 
    0xC0, 0xC1, 0xC2, 0xC3, 0xC4, 0xC5, 0xC6, 0xC7, 0xC8, 0xC9, 0xCA, 0xCB, 0xCC, 0xCD, 0xCE, 0xCF, 
    0xD0, 0xD1, 0xD2, 0xD3, 0xD4, 0xD5, 0xD6, 0xD7, 0xD8, 0xD9, 0xDA, 0xDB, 0xDC, 0xDD, 0xDE, 0xDF, 
    0xE0, 0xE1, 0xE2, 0xE3, 0xE4, 0xE5, 0xE6, 0xE7, 0xE8, 0xE9, 0xEA, 0xEB, 0xEC, 0xED, 0xEE, 0xEF, 
    0xF0, 0xF1, 0xF2, 0xF3, 0xF4, 0xF5, 0xF6, 0xF7, 0xF8, 0xF9, 0xFA, 0xFB, 0xFC, 0xFD, 0xFE, 0xFF, 
    0x00, 0x01, 0x02, 0x03, 0x04, 0x05, 0x06, 0x07, 0x08, 0x09, 0x0A, 0x0B, 0x0C, 0x0D, 0x0E, 0x0F, 
    0x10, 0x11
};

// 8PSK codeword (306 bytes): SW golden output
const uint8_t golden_8psk_codeword[306] = {
    0x47, 0x01, 0x02, 0x03, 0x04, 0x05, 0x06, 0x07, 0x08, 0x09, 0x0A, 0x0B, 0x0C, 0x0D, 0x0E, 0x0F, 
    0x10, 0x11, 0x12, 0x13, 0x14, 0x15, 0x16, 0x17, 0x18, 0x19, 0x1A, 0x1B, 0x1C, 0x1D, 0x1E, 0x1F, 
    0x20, 0x21, 0x22, 0x23, 0x24, 0x25, 0x26, 0x27, 0x28, 0x29, 0x2A, 0x2B, 0x2C, 0x2D, 0x2E, 0x2F, 
    0x30, 0x31, 0x32, 0x33, 0x34, 0x35, 0x36, 0x37, 0x38, 0x39, 0x3A, 0x3B, 0x3C, 0x3D, 0x3E, 0x3F, 
    0x40, 0x41, 0x42, 0x43, 0x44, 0x45, 0x46, 0x47, 0x48, 0x49, 0x4A, 0x4B, 0x4C, 0x4D, 0x4E, 0x4F, 
    0x50, 0x51, 0x52, 0x53, 0x54, 0x55, 0x56, 0x57, 0x58, 0x59, 0x5A, 0x5B, 0x5C, 0x5D, 0x5E, 0x5F, 
    0x60, 0x61, 0x62, 0x63, 0x64, 0x65, 0x66, 0x67, 0x68, 0x69, 0x6A, 0x6B, 0x6C, 0x6D, 0x6E, 0x6F, 
    0x70, 0x71, 0x72, 0x73, 0x74, 0x75, 0x76, 0x77, 0x78, 0x79, 0x7A, 0x7B, 0x7C, 0x7D, 0x7E, 0x7F, 
    0x80, 0x81, 0x82, 0x83, 0x84, 0x85, 0x86, 0x87, 0x88, 0x2F, 0x4F, 0xC1, 0x11, 0x11, 0xC0, 0xF3, 
    0x91, 0xBF, 0xD9, 0x6B, 0x54, 0x22, 0x9F, 0x8C, 0xA4, 0x89, 0x8A, 0x8B, 0x8C, 0x8D, 0x8E, 0x8F, 
    0x90, 0x91, 0x92, 0x93, 0x94, 0x95, 0x96, 0x97, 0x98, 0x99, 0x9A, 0x9B, 0x9C, 0x9D, 0x9E, 0x9F, 
    0xA0, 0xA1, 0xA2, 0xA3, 0xA4, 0xA5, 0xA6, 0xA7, 0xA8, 0xA9, 0xAA, 0xAB, 0xAC, 0xAD, 0xAE, 0xAF, 
    0xB0, 0xB1, 0xB2, 0xB3, 0xB4, 0xB5, 0xB6, 0xB7, 0xB8, 0xB9, 0xBA, 0xBB, 0xBC, 0xBD, 0xBE, 0xBF, 
    0xC0, 0xC1, 0xC2, 0xC3, 0xC4, 0xC5, 0xC6, 0xC7, 0xC8, 0xC9, 0xCA, 0xCB, 0xCC, 0xCD, 0xCE, 0xCF, 
    0xD0, 0xD1, 0xD2, 0xD3, 0xD4, 0xD5, 0xD6, 0xD7, 0xD8, 0xD9, 0xDA, 0xDB, 0xDC, 0xDD, 0xDE, 0xDF, 
    0xE0, 0xE1, 0xE2, 0xE3, 0xE4, 0xE5, 0xE6, 0xE7, 0xE8, 0xE9, 0xEA, 0xEB, 0xEC, 0xED, 0xEE, 0xEF, 
    0xF0, 0xF1, 0xF2, 0xF3, 0xF4, 0xF5, 0xF6, 0xF7, 0xF8, 0xF9, 0xFA, 0xFB, 0xFC, 0xFD, 0xFE, 0xFF, 
    0x00, 0x01, 0x02, 0x03, 0x04, 0x05, 0x06, 0x07, 0x08, 0x09, 0x0A, 0x0B, 0x0C, 0x0D, 0x0E, 0x0F, 
    0x10, 0x11, 0x2A, 0xBB, 0x64, 0xF2, 0xE0, 0xC5, 0x0F, 0x86, 0x94, 0x00, 0x52, 0x58, 0xC5, 0x2A, 
    0xD6, 0x85
};

============================================================
INFO [HLS SIM]: The maximum depth reached by any hls::stream() instance in the design is 1326
INFO: [SIM 211-1] CSim done with 0 errors.
INFO: [SIM 211-3] *************** CSIM finish ***************
INFO: [HLS 200-111] Finished Command csim_design CPU user time: 0 seconds. CPU system time: 0 seconds. Elapsed time: 10.797 seconds; current allocated memory: 0.656 MB.
<<< csim done

>>> C Synthesis
INFO: [HLS 200-1510] Running: csynth_design 
INFO: [HLS 200-111] Finished File checks and directory preparation: CPU user time: 0 seconds. CPU system time: 0 seconds. Elapsed time: 0.006 seconds; current allocated memory: 688.422 MB.
INFO: [HLS 200-10] Analyzing design file 'C:/VitisProject/Vitis/OFDM/TX/RS/rs_encoder_tx.cpp' ... 
ERROR: [HLS 207-3802] unknown type name 'uint8_t'; did you mean 'wint_t'? (C:/VitisProject/Vitis/OFDM/TX/RS/rs_encoder_tx.cpp:9:8)
INFO: [HLS 207-4436] 'wint_t' declared here (C:/Xilinx/Vitis_HLS/2022.2/tps/mingw/8.3.0/win64.o/nt\x86_64-w64-mingw32\include\crtdefs.h:106:24)
ERROR: [HLS 207-3802] unknown type name 'uint8_t'; did you mean 'wint_t'? (C:/VitisProject/Vitis/OFDM/TX/RS/rs_encoder_tx.cpp:9:28)
ERROR: [HLS 207-3802] unknown type name 'uint8_t'; did you mean 'wint_t'? (C:/VitisProject/Vitis/OFDM/TX/RS/rs_encoder_tx.cpp:12:2)
ERROR: [HLS 207-3802] unknown type name 'uint8_t'; did you mean 'wint_t'? (C:/VitisProject/Vitis/OFDM/TX/RS/rs_encoder_tx.cpp:33:8)
ERROR: [HLS 207-3802] unknown type name 'uint8_t'; did you mean 'wint_t'? (C:/VitisProject/Vitis/OFDM/TX/RS/rs_encoder_tx.cpp:33:28)
ERROR: [HLS 207-3802] unknown type name 'uint8_t'; did you mean 'wint_t'? (C:/VitisProject/Vitis/OFDM/TX/RS/rs_encoder_tx.cpp:36:2)
ERROR: [HLS 207-3802] unknown type name 'uint8_t'; did you mean 'wint_t'? (C:/VitisProject/Vitis/OFDM/TX/RS/rs_encoder_tx.cpp:57:8)
ERROR: [HLS 207-3802] unknown type name 'uint8_t'; did you mean 'wint_t'? (C:/VitisProject/Vitis/OFDM/TX/RS/rs_encoder_tx.cpp:57:28)
ERROR: [HLS 207-3802] unknown type name 'uint8_t'; did you mean 'wint_t'? (C:/VitisProject/Vitis/OFDM/TX/RS/rs_encoder_tx.cpp:60:2)
ERROR: [HLS 207-3802] unknown type name 'uint8_t'; did you mean 'wint_t'? (C:/VitisProject/Vitis/OFDM/TX/RS/rs_encoder_tx.cpp:81:8)
ERROR: [HLS 207-3802] unknown type name 'uint8_t'; did you mean 'wint_t'? (C:/VitisProject/Vitis/OFDM/TX/RS/rs_encoder_tx.cpp:81:28)
ERROR: [HLS 207-3802] unknown type name 'uint8_t'; did you mean 'wint_t'? (C:/VitisProject/Vitis/OFDM/TX/RS/rs_encoder_tx.cpp:84:2)
ERROR: [HLS 207-3802] unknown type name 'uint8_t'; did you mean 'wint_t'? (C:/VitisProject/Vitis/OFDM/TX/RS/rs_encoder_tx.cpp:105:8)
ERROR: [HLS 207-3802] unknown type name 'uint8_t'; did you mean 'wint_t'? (C:/VitisProject/Vitis/OFDM/TX/RS/rs_encoder_tx.cpp:105:28)
ERROR: [HLS 207-3802] unknown type name 'uint8_t'; did you mean 'wint_t'? (C:/VitisProject/Vitis/OFDM/TX/RS/rs_encoder_tx.cpp:108:2)
ERROR: [HLS 207-3802] unknown type name 'uint8_t'; did you mean 'wint_t'? (C:/VitisProject/Vitis/OFDM/TX/RS/rs_encoder_tx.cpp:129:8)
ERROR: [HLS 207-3802] unknown type name 'uint8_t'; did you mean 'wint_t'? (C:/VitisProject/Vitis/OFDM/TX/RS/rs_encoder_tx.cpp:129:28)
ERROR: [HLS 207-3802] unknown type name 'uint8_t'; did you mean 'wint_t'? (C:/VitisProject/Vitis/OFDM/TX/RS/rs_encoder_tx.cpp:132:2)
ERROR: [HLS 207-3802] unknown type name 'uint8_t'; did you mean 'wint_t'? (C:/VitisProject/Vitis/OFDM/TX/RS/rs_encoder_tx.cpp:153:8)
ERROR: [HLS 207-59] too many errors emitted, stopping now
INFO: [HLS 200-111] Finished Command csynth_design CPU user time: 1 seconds. CPU system time: 0 seconds. Elapsed time: 1.514 seconds; current allocated memory: 2.156 MB.
 
    while executing
"source scripts/run_all.tcl"
    ("uplevel" body line 1)
    invoked from within
"uplevel \#0 [list source $arg] "

INFO: [HLS 200-112] Total CPU user time: 3 seconds. Total CPU system time: 1 seconds. Total elapsed time: 29.25 seconds; peak allocated memory: 690.402 MB.
INFO: [Common 17-206] Exiting vitis_hls at Wed Apr  8 22:01:42 2026...
