INFO: [COSIM 212-302] Starting C TB testing ... 
=====================================================
 OFDM CFO Sync HLS Testbench (Vitis C Simulation)
=====================================================
[INFO] Total injected samples: 32648
   - Packet #1 injected at sample index: 0 with simulated CFO: -7.5
   - Packet #2 injected at sample index: 2816 with simulated CFO: -4.5
   - Packet #3 injected at sample index: 5632 with simulated CFO: -1.45
   - Packet #4 injected at sample index: 8448 with simulated CFO: -0.5
   - Packet #5 injected at sample index: 11264 with simulated CFO: 0
   - Packet #6 injected at sample index: 14080 with simulated CFO: 0.5
   - Packet #7 injected at sample index: 16896 with simulated CFO: 1.5
   - Packet #8 injected at sample index: 19712 with simulated CFO: 4.5
   - Packet #9 injected at sample index: 22528 with simulated CFO: 7.5
   - Packet #10 injected at sample index: 25344 with simulated CFO: 7.8
=====================================================
[HLS IP] Estimated phi1: 0.196252, phi2: 3.14154, phi3: -2.94523
[HLS IP] Calculated phaseInc: 0.0230097 (Estimated CFO: -7.50001)
[HLS IP] Estimated phi1: 1.3744, phi2: 3.14155, phi3: -1.76717
[HLS IP] Calculated phaseInc: 0.0138058 (Estimated CFO: -4.50001)
[HLS IP] Estimated phi1: 2.88635, phi2: -2.82744, phi3: -0.569438
[HLS IP] Calculated phaseInc: 0.00444855 (Estimated CFO: -1.45)
[HLS IP] Estimated phi1: 2.94526, phi2: 3.14159, phi3: -0.19638
[HLS IP] Calculated phaseInc: 0.00153398 (Estimated CFO: -0.500001)
[HLS IP] Estimated phi1: 0, phi2: 0, phi3: 0
[HLS IP] Calculated phaseInc: -0 (Estimated CFO: 0)
[HLS IP] Estimated phi1: -2.94521, phi2: -3.14157, phi3: 0.196332
[HLS IP] Calculated phaseInc: -0.00153399 (Estimated CFO: 0.500003)
[HLS IP] Estimated phi1: -2.55251, phi2: -3.14155, phi3: 0.589045
[HLS IP] Calculated phaseInc: -0.00460196 (Estimated CFO: 1.50001)
[HLS IP] Estimated phi1: -1.37441, phi2: -3.14151, phi3: 1.76718
[HLS IP] Calculated phaseInc: -0.0138059 (Estimated CFO: 4.50001)
[HLS IP] Estimated phi1: -0.1963, phi2: -3.14151, phi3: 2.94527
[HLS IP] Calculated phaseInc: -0.0230098 (Estimated CFO: 7.50001)
[HLS IP] Estimated phi1: 1.80639, phi2: -1.25672, phi3: 3.06308
[HLS IP] Calculated phaseInc: -0.0239301 (Estimated CFO: 7.79999)
-----------------------------------------------------
[TESTBENCH] Captured Output for Packet #1
[TESTBENCH] Target Simulated CFO: -7.500000
   Sample    0 | TX Ideal: (-0.69865, -0.44919) | RX Corrected: ( 0.00000,  0.00000) | Error: ( 0.69865,  0.44919)
   Sample    1 | TX Ideal: ( 0.61524, -0.12045) | RX Corrected: ( 0.00000,  0.00000) | Error: ( 0.61524,  0.12045)
   Sample    2 | TX Ideal: ( 0.04252,  0.60477) | RX Corrected: ( 0.00000,  0.00000) | Error: ( 0.04252,  0.60477)
   Sample    3 | TX Ideal: ( 0.40108,  0.00050) | RX Corrected: ( 0.00000,  0.00000) | Error: ( 0.40108,  0.00050)
   Sample    4 | TX Ideal: ( 0.07484,  0.65412) | RX Corrected: ( 0.00000,  0.00000) | Error: ( 0.07484,  0.65412)
   Sample    5 | TX Ideal: (-0.46094,  0.54350) | RX Corrected: ( 0.00000,  0.00000) | Error: ( 0.46094,  0.54350)
   Sample   10 | TX Ideal: (-0.20892, -0.03774) | RX Corrected: ( 0.00000,  0.00000) | Error: ( 0.20892,  0.03774)
   Sample  500 | TX Ideal: ( 0.41407, -0.14427) | RX Corrected: ( 0.00000,  0.00000) | Error: ( 0.41407,  0.14427)
   Sample 1000 | TX Ideal: (-0.55314, -0.66786) | RX Corrected: ( 0.00000,  0.00000) | Error: ( 0.55314,  0.66786)
   Sample 1500 | TX Ideal: (-0.41809, -0.20384) | RX Corrected: ( 0.00000,  0.00000) | Error: ( 0.41809,  0.20384)
   Sample 2000 | TX Ideal: ( 0.19534,  0.02134) | RX Corrected: ( 0.00000,  0.00000) | Error: ( 0.19534,  0.02134)
[TESTBENCH] Packet #1 Finished!
   - Checked Samples: 2048 (Expected 2048)
   - Max Real Error:  0.69999
   - Max Imag Error:  0.69971
   - Mean Squared Error (MSE): 0.33304
[WARNING] MSE is relatively high! Check NCO rotation direction or precision loss.
-----------------------------------------------------
[TESTBENCH] Captured Output for Packet #2
[TESTBENCH] Target Simulated CFO: -4.500000
   Sample    0 | TX Ideal: (-0.39087, -0.63098) | RX Corrected: ( 0.00000,  0.00000) | Error: ( 0.39087,  0.63098)
   Sample    1 | TX Ideal: ( 0.04392,  0.41366) | RX Corrected: ( 0.00000,  0.00000) | Error: ( 0.04392,  0.41366)
   Sample    2 | TX Ideal: ( 0.03035,  0.41903) | RX Corrected: ( 0.00000,  0.00000) | Error: ( 0.03035,  0.41903)
   Sample    3 | TX Ideal: ( 0.57402,  0.13890) | RX Corrected: ( 0.00000,  0.00000) | Error: ( 0.57402,  0.13890)
   Sample    4 | TX Ideal: ( 0.65444, -0.67640) | RX Corrected: ( 0.00000,  0.00000) | Error: ( 0.65444,  0.67640)
   Sample    5 | TX Ideal: (-0.17934,  0.10727) | RX Corrected: (-0.20657, -0.33374) | Error: ( 0.02724,  0.44101)
   Sample   10 | TX Ideal: ( 0.33789,  0.57848) | RX Corrected: (-0.58395, -0.40359) | Error: ( 0.92185,  0.98208)
   Sample  500 | TX Ideal: ( 0.08137, -0.24544) | RX Corrected: ( 0.13400,  0.67023) | Error: ( 0.05263,  0.91567)
   Sample 1000 | TX Ideal: (-0.37233,  0.18738) | RX Corrected: ( 0.37384, -0.12259) | Error: ( 0.74617,  0.30997)
   Sample 1500 | TX Ideal: (-0.49969,  0.37598) | RX Corrected: (-0.12473, -0.69226) | Error: ( 0.37496,  1.06824)
   Sample 2000 | TX Ideal: (-0.66470,  0.45938) | RX Corrected: (-0.39825,  0.35168) | Error: ( 0.26644,  0.10770)
[TESTBENCH] Packet #2 Finished!
   - Checked Samples: 2048 (Expected 2048)
   - Max Real Error:  1.56464
   - Max Imag Error:  1.54730
   - Mean Squared Error (MSE): 0.64949
[WARNING] MSE is relatively high! Check NCO rotation direction or precision loss.
-----------------------------------------------------
[TESTBENCH] Captured Output for Packet #3
[TESTBENCH] Target Simulated CFO: -1.450000
   Sample    0 | TX Ideal: (-0.16667,  0.24110) | RX Corrected: (-0.28131,  0.16235) | Error: ( 0.11464,  0.07874)
   Sample    1 | TX Ideal: ( 0.52759, -0.42248) | RX Corrected: ( 0.28116,  0.56912) | Error: ( 0.24643,  0.99160)
   Sample    2 | TX Ideal: ( 0.17817, -0.02605) | RX Corrected: ( 0.78702,  0.30618) | Error: ( 0.60884,  0.33223)
   Sample    3 | TX Ideal: ( 0.38878,  0.37140) | RX Corrected: ( 0.47559, -0.46277) | Error: ( 0.08681,  0.83416)
   Sample    4 | TX Ideal: (-0.55428, -0.12601) | RX Corrected: (-0.69409,  0.00970) | Error: ( 0.13982,  0.13572)
   Sample    5 | TX Ideal: ( 0.31100, -0.64037) | RX Corrected: ( 0.21667, -0.05069) | Error: ( 0.09432,  0.58968)
   Sample   10 | TX Ideal: (-0.45471,  0.27392) | RX Corrected: ( 0.22217, -0.07129) | Error: ( 0.67688,  0.34521)
   Sample  500 | TX Ideal: (-0.46778,  0.46030) | RX Corrected: (-0.02243, -0.00406) | Error: ( 0.44535,  0.46436)
   Sample 1000 | TX Ideal: (-0.67314, -0.08808) | RX Corrected: (-0.62613,  0.00345) | Error: ( 0.04701,  0.09153)
   Sample 1500 | TX Ideal: (-0.21858, -0.08346) | RX Corrected: (-0.65805,  0.19421) | Error: ( 0.43947,  0.27767)
   Sample 2000 | TX Ideal: ( 0.60136,  0.47387) | RX Corrected: (-0.20755,  0.48065) | Error: ( 0.80891,  0.00678)
[TESTBENCH] Packet #3 Finished!
   - Checked Samples: 2048 (Expected 2048)
   - Max Real Error:  1.49555
   - Max Imag Error:  1.44646
   - Mean Squared Error (MSE): 0.54990
[WARNING] MSE is relatively high! Check NCO rotation direction or precision loss.
-----------------------------------------------------
[TESTBENCH] Captured Output for Packet #4
[TESTBENCH] Target Simulated CFO: -0.500000
   Sample    0 | TX Ideal: (-0.64438,  0.27495) | RX Corrected: (-0.27469, -0.11099) | Error: ( 0.36969,  0.38594)
   Sample    1 | TX Ideal: (-0.29161,  0.26105) | RX Corrected: ( 0.59912,  0.07141) | Error: ( 0.89073,  0.18964)
   Sample    2 | TX Ideal: (-0.10993,  0.33339) | RX Corrected: (-0.08719, -0.10110) | Error: ( 0.02275,  0.43449)
   Sample    3 | TX Ideal: ( 0.46381,  0.03027) | RX Corrected: (-0.49469,  0.08759) | Error: ( 0.95850,  0.05731)
   Sample    4 | TX Ideal: ( 0.60711,  0.57383) | RX Corrected: (-0.38208,  0.11108) | Error: ( 0.98919,  0.46275)
   Sample    5 | TX Ideal: (-0.19412, -0.62676) | RX Corrected: (-0.16602, -0.64346) | Error: ( 0.02811,  0.01670)
   Sample   10 | TX Ideal: ( 0.04132, -0.00094) | RX Corrected: ( 0.39114, -0.19662) | Error: ( 0.34983,  0.19568)
   Sample  500 | TX Ideal: ( 0.05375,  0.39017) | RX Corrected: ( 0.42999,  0.18958) | Error: ( 0.37624,  0.20060)
   Sample 1000 | TX Ideal: ( 0.08530, -0.01297) | RX Corrected: (-0.55771,  0.28461) | Error: ( 0.64301,  0.29757)
   Sample 1500 | TX Ideal: (-0.11107, -0.62957) | RX Corrected: ( 0.00006,  0.00858) | Error: ( 0.11114,  0.63814)
   Sample 2000 | TX Ideal: ( 0.14154,  0.26770) | RX Corrected: (-0.01587,  0.50687) | Error: ( 0.15741,  0.23917)
[TESTBENCH] Packet #4 Finished!
   - Checked Samples: 2048 (Expected 2048)
   - Max Real Error:  1.50495
   - Max Imag Error:  1.59730
   - Mean Squared Error (MSE): 0.55840
[WARNING] MSE is relatively high! Check NCO rotation direction or precision loss.
-----------------------------------------------------
[TESTBENCH] Captured Output for Packet #5
[TESTBENCH] Target Simulated CFO: 0.000000
   Sample    0 | TX Ideal: (-0.13430, -0.40128) | RX Corrected: (-0.09454,  0.22501) | Error: ( 0.03976,  0.62629)
   Sample    1 | TX Ideal: (-0.52246, -0.10455) | RX Corrected: (-0.27689, -0.12283) | Error: ( 0.24557,  0.01828)
   Sample    2 | TX Ideal: (-0.21788,  0.56882) | RX Corrected: (-0.14783,  0.49841) | Error: ( 0.07005,  0.07040)
   Sample    3 | TX Ideal: (-0.50058, -0.57642) | RX Corrected: ( 0.56427, -0.19965) | Error: ( 1.06485,  0.37677)
   Sample    4 | TX Ideal: ( 0.16765, -0.44413) | RX Corrected: ( 0.38983, -0.03525) | Error: ( 0.22218,  0.40888)
   Sample    5 | TX Ideal: ( 0.31453, -0.06670) | RX Corrected: (-0.19846,  0.52823) | Error: ( 0.51299,  0.59493)
   Sample   10 | TX Ideal: (-0.58728, -0.33849) | RX Corrected: (-0.24179, -0.35083) | Error: ( 0.34548,  0.01234)
   Sample  500 | TX Ideal: ( 0.65978, -0.40696) | RX Corrected: ( 0.00009,  0.43527) | Error: ( 0.65969,  0.84223)
   Sample 1000 | TX Ideal: (-0.52459,  0.42508) | RX Corrected: ( 0.47714, -0.53793) | Error: ( 1.00173,  0.96301)
   Sample 1500 | TX Ideal: ( 0.63906, -0.17957) | RX Corrected: (-0.04025, -0.79822) | Error: ( 0.67931,  0.61864)
   Sample 2000 | TX Ideal: ( 0.45851,  0.63107) | RX Corrected: ( 0.00592,  0.00000) | Error: ( 0.45259,  0.63107)
[TESTBENCH] Packet #5 Finished!
   - Checked Samples: 2048 (Expected 2048)
   - Max Real Error:  1.50533
   - Max Imag Error:  1.54169
   - Mean Squared Error (MSE): 0.60571
[WARNING] MSE is relatively high! Check NCO rotation direction or precision loss.
-----------------------------------------------------
[TESTBENCH] Captured Output for Packet #6
[TESTBENCH] Target Simulated CFO: 0.500000
   Sample    0 | TX Ideal: ( 0.33935, -0.21289) | RX Corrected: ( 0.00314, -0.00723) | Error: ( 0.33620,  0.20566)
   Sample    1 | TX Ideal: ( 0.31948,  0.49305) | RX Corrected: (-0.00726, -0.01675) | Error: ( 0.32674,  0.50981)
   Sample    2 | TX Ideal: ( 0.16742, -0.19288) | RX Corrected: ( 0.02710, -0.00980) | Error: ( 0.14032,  0.18309)
   Sample    3 | TX Ideal: ( 0.63383,  0.14825) | RX Corrected: ( 0.00882,  0.00812) | Error: ( 0.62501,  0.14014)
   Sample    4 | TX Ideal: (-0.30748, -0.45637) | RX Corrected: ( 0.01288, -0.00323) | Error: ( 0.32036,  0.45314)
   Sample    5 | TX Ideal: ( 0.32154,  0.15518) | RX Corrected: ( 0.00980,  0.01505) | Error: ( 0.31175,  0.14014)
   Sample   10 | TX Ideal: ( 0.59510,  0.20633) | RX Corrected: (-0.01593, -0.00226) | Error: ( 0.61103,  0.20859)
   Sample  500 | TX Ideal: (-0.24604,  0.33225) | RX Corrected: ( 0.03641,  0.47958) | Error: ( 0.28245,  0.14734)
   Sample 1000 | TX Ideal: ( 0.32354,  0.17339) | RX Corrected: ( 0.38138, -0.33670) | Error: ( 0.05784,  0.51009)
   Sample 1500 | TX Ideal: ( 0.48217,  0.61021) | RX Corrected: (-0.31653, -0.46835) | Error: ( 0.79870,  1.07856)
   Sample 2000 | TX Ideal: (-0.66290, -0.08344) | RX Corrected: ( 0.50192, -0.31937) | Error: ( 1.16482,  0.23592)
[TESTBENCH] Packet #6 Finished!
   - Checked Samples: 2048 (Expected 2048)
   - Max Real Error:  1.54768
   - Max Imag Error:  1.50397
   - Mean Squared Error (MSE): 0.59338
[WARNING] MSE is relatively high! Check NCO rotation direction or precision loss.
-----------------------------------------------------
[TESTBENCH] Captured Output for Packet #7
[TESTBENCH] Target Simulated CFO: 1.500000
   Sample    0 | TX Ideal: (-0.56165,  0.59922) | RX Corrected: ( 0.67175, -0.23068) | Error: ( 1.23340,  0.82990)
   Sample    1 | TX Ideal: (-0.58920, -0.51372) | RX Corrected: ( 0.12387, -0.82272) | Error: ( 0.71307,  0.30901)
   Sample    2 | TX Ideal: (-0.21026, -0.27309) | RX Corrected: (-0.11139, -0.67786) | Error: ( 0.09887,  0.40477)
   Sample    3 | TX Ideal: (-0.55371, -0.43563) | RX Corrected: ( 0.12436,  0.51202) | Error: ( 0.67807,  0.94766)
   Sample    4 | TX Ideal: ( 0.28489,  0.16076) | RX Corrected: (-0.54803,  0.43375) | Error: ( 0.83293,  0.27298)
   Sample    5 | TX Ideal: (-0.03275, -0.26372) | RX Corrected: (-0.73392,  0.14548) | Error: ( 0.70117,  0.40920)
   Sample   10 | TX Ideal: ( 0.23820, -0.58325) | RX Corrected: (-0.10199, -0.86832) | Error: ( 0.34019,  0.28507)
   Sample  500 | TX Ideal: ( 0.15699, -0.51942) | RX Corrected: (-0.33093,  0.34900) | Error: ( 0.48792,  0.86842)
   Sample 1000 | TX Ideal: ( 0.16976, -0.07711) | RX Corrected: ( 0.00320, -0.00708) | Error: ( 0.16655,  0.07003)
   Sample 1500 | TX Ideal: (-0.69636,  0.32768) | RX Corrected: ( 0.49850, -0.01031) | Error: ( 1.19486,  0.33799)
   Sample 2000 | TX Ideal: (-0.20481,  0.43147) | RX Corrected: ( 0.24759, -0.64938) | Error: ( 0.45239,  1.08085)
[TESTBENCH] Packet #7 Finished!
   - Checked Samples: 2048 (Expected 2048)
   - Max Real Error:  1.50109
   - Max Imag Error:  1.58783
   - Mean Squared Error (MSE): 0.59757
[WARNING] MSE is relatively high! Check NCO rotation direction or precision loss.
-----------------------------------------------------
[TESTBENCH] Captured Output for Packet #8
[TESTBENCH] Target Simulated CFO: 4.500000
   Sample    0 | TX Ideal: ( 0.18872, -0.54205) | RX Corrected: ( 0.29205,  0.46851) | Error: ( 0.10333,  1.01055)
   Sample    1 | TX Ideal: (-0.40307,  0.25666) | RX Corrected: ( 0.21548, -0.76758) | Error: ( 0.61855,  1.02423)
   Sample    2 | TX Ideal: ( 0.20296, -0.62261) | RX Corrected: ( 0.09521, -0.45218) | Error: ( 0.10775,  0.17043)
   Sample    3 | TX Ideal: (-0.65255,  0.12650) | RX Corrected: (-0.28308, -0.41248) | Error: ( 0.36947,  0.53898)
   Sample    4 | TX Ideal: (-0.48051,  0.60851) | RX Corrected: ( 0.67075, -0.21478) | Error: ( 1.15126,  0.82330)
   Sample    5 | TX Ideal: ( 0.29179, -0.04981) | RX Corrected: ( 0.18494,  0.62854) | Error: ( 0.10686,  0.67835)
   Sample   10 | TX Ideal: ( 0.25030, -0.15573) | RX Corrected: (-0.66760,  0.13763) | Error: ( 0.91791,  0.29336)
   Sample  500 | TX Ideal: (-0.15245, -0.19915) | RX Corrected: (-0.59106,  0.21005) | Error: ( 0.43862,  0.40920)
   Sample 1000 | TX Ideal: (-0.21850, -0.15000) | RX Corrected: (-0.68747,  0.02127) | Error: ( 0.46897,  0.17127)
   Sample 1500 | TX Ideal: ( 0.47349,  0.34202) | RX Corrected: (-0.01019,  0.00546) | Error: ( 0.48368,  0.33656)
   Sample 2000 | TX Ideal: ( 0.29499,  0.51295) | RX Corrected: (-0.56531, -0.31516) | Error: ( 0.86030,  0.82810)
[TESTBENCH] Packet #8 Finished!
   - Checked Samples: 2048 (Expected 2048)
   - Max Real Error:  1.50707
   - Max Imag Error:  1.47811
   - Mean Squared Error (MSE): 0.58791
[WARNING] MSE is relatively high! Check NCO rotation direction or precision loss.
-----------------------------------------------------
[TESTBENCH] Captured Output for Packet #9
[TESTBENCH] Target Simulated CFO: 7.500000
   Sample    0 | TX Ideal: ( 0.41842,  0.10615) | RX Corrected: (-0.90659, -0.03973) | Error: ( 1.32500,  0.14588)
   Sample    1 | TX Ideal: ( 0.45913, -0.14398) | RX Corrected: (-0.05472, -0.98221) | Error: ( 0.51385,  0.83823)
   Sample    2 | TX Ideal: (-0.67790, -0.32515) | RX Corrected: (-0.00839,  0.34918) | Error: ( 0.66951,  0.67433)
   Sample    3 | TX Ideal: (-0.59270, -0.55074) | RX Corrected: ( 0.31943, -0.59238) | Error: ( 0.91213,  0.04164)
   Sample    4 | TX Ideal: ( 0.55311,  0.07607) | RX Corrected: ( 0.42398, -0.18774) | Error: ( 0.12913,  0.26382)
   Sample    5 | TX Ideal: ( 0.38679,  0.66287) | RX Corrected: ( 0.39932,  0.03113) | Error: ( 0.01253,  0.63174)
   Sample   10 | TX Ideal: ( 0.49367, -0.68600) | RX Corrected: ( 0.20102,  0.29501) | Error: ( 0.29265,  0.98101)
   Sample  500 | TX Ideal: (-0.53228, -0.05411) | RX Corrected: ( 0.07803, -0.35733) | Error: ( 0.61031,  0.30322)
   Sample 1000 | TX Ideal: ( 0.28018, -0.65729) | RX Corrected: (-0.01825, -0.71072) | Error: ( 0.29843,  0.05344)
   Sample 1500 | TX Ideal: (-0.45706, -0.03975) | RX Corrected: (-0.09717, -0.50778) | Error: ( 0.35989,  0.46803)
   Sample 2000 | TX Ideal: (-0.04398,  0.03518) | RX Corrected: ( 0.10626, -0.63852) | Error: ( 0.15024,  0.67370)
[TESTBENCH] Packet #9 Finished!
   - Checked Samples: 2048 (Expected 2048)
   - Max Real Error:  1.60473
   - Max Imag Error:  1.60146
   - Mean Squared Error (MSE): 0.65054
[WARNING] MSE is relatively high! Check NCO rotation direction or precision loss.
-----------------------------------------------------
[TESTBENCH] Captured Output for Packet #10
[TESTBENCH] Target Simulated CFO: 7.800000
   Sample    0 | TX Ideal: (-0.61565,  0.22254) | RX Corrected: ( 0.89322, -0.15994) | Error: ( 1.50887,  0.38248)
   Sample    1 | TX Ideal: (-0.53455, -0.35190) | RX Corrected: ( 0.26859,  0.94629) | Error: ( 0.80313,  1.29819)
   Sample    2 | TX Ideal: ( 0.61636,  0.63121) | RX Corrected: (-0.06830, -0.34262) | Error: ( 0.68466,  0.97383)
   Sample    3 | TX Ideal: (-0.51981, -0.43578) | RX Corrected: (-0.18188,  0.64792) | Error: ( 0.33792,  1.08370)
   Sample    4 | TX Ideal: ( 0.56626, -0.11468) | RX Corrected: (-0.37253,  0.27600) | Error: ( 0.93879,  0.39068)
   Sample    5 | TX Ideal: ( 0.34721,  0.39445) | RX Corrected: ( 0.00949, -0.02917) | Error: ( 0.33772,  0.42363)
   Sample   10 | TX Ideal: (-0.47750, -0.56551) | RX Corrected: (-0.01425,  0.01501) | Error: ( 0.46325,  0.58053)
   Sample  500 | TX Ideal: (-0.02654,  0.55457) | RX Corrected: (-0.00494,  0.00287) | Error: ( 0.02160,  0.55170)
   Sample 1000 | TX Ideal: (-0.37334,  0.15675) | RX Corrected: (-0.55399,  0.33871) | Error: ( 0.18065,  0.18197)
   Sample 1500 | TX Ideal: (-0.46833, -0.41626) | RX Corrected: (-0.50943, -0.74203) | Error: ( 0.04110,  0.32577)
   Sample 2000 | TX Ideal: (-0.64336, -0.68223) | RX Corrected: (-0.31195,  0.67838) | Error: ( 0.33141,  1.36060)
[TESTBENCH] Packet #10 Finished!
   - Checked Samples: 2048 (Expected 2048)
   - Max Real Error:  1.50887
   - Max Imag Error:  1.50602
   - Mean Squared Error (MSE): 0.57109
[WARNING] MSE is relatively high! Check NCO rotation direction or precision loss.
=====================================================
[SUCCESS] Vitis Co-simulation finished successfully!
=====================================================
INFO [HLS SIM]: The maximum depth reached by any hls::stream() instance in the design is 32648
INFO: [COSIM 212-302] Starting C TB testing ... 
=====================================================
 OFDM CFO Sync HLS Testbench (Vitis C Simulation)
=====================================================
[INFO] Total injected samples: 32648
   - Packet #1 injected at sample index: 0 with simulated CFO: -7.5
   - Packet #2 injected at sample index: 2816 with simulated CFO: -4.5
   - Packet #3 injected at sample index: 5632 with simulated CFO: -1.45
   - Packet #4 injected at sample index: 8448 with simulated CFO: -0.5
   - Packet #5 injected at sample index: 11264 with simulated CFO: 0
   - Packet #6 injected at sample index: 14080 with simulated CFO: 0.5
   - Packet #7 injected at sample index: 16896 with simulated CFO: 1.5
   - Packet #8 injected at sample index: 19712 with simulated CFO: 4.5
   - Packet #9 injected at sample index: 22528 with simulated CFO: 7.5
   - Packet #10 injected at sample index: 25344 with simulated CFO: 7.8
=====================================================
[HLS IP] Estimated phi1: 0.196252, phi2: 3.14154, phi3: -2.94523
[HLS IP] Calculated phaseInc: 0.0230097 (Estimated CFO: -7.50001)
[HLS IP] Estimated phi1: 1.3744, phi2: 3.14155, phi3: -1.76717
[HLS IP] Calculated phaseInc: 0.0138058 (Estimated CFO: -4.50001)
[HLS IP] Estimated phi1: 2.88635, phi2: -2.82744, phi3: -0.569438
[HLS IP] Calculated phaseInc: 0.00444855 (Estimated CFO: -1.45)
[HLS IP] Estimated phi1: 2.94526, phi2: 3.14159, phi3: -0.19638
[HLS IP] Calculated phaseInc: 0.00153398 (Estimated CFO: -0.500001)
[HLS IP] Estimated phi1: 0, phi2: 0, phi3: 0
[HLS IP] Calculated phaseInc: -0 (Estimated CFO: 0)
[HLS IP] Estimated phi1: -2.94521, phi2: -3.14157, phi3: 0.196332
[HLS IP] Calculated phaseInc: -0.00153399 (Estimated CFO: 0.500003)
[HLS IP] Estimated phi1: -2.55251, phi2: -3.14155, phi3: 0.589045
[HLS IP] Calculated phaseInc: -0.00460196 (Estimated CFO: 1.50001)
[HLS IP] Estimated phi1: -1.37441, phi2: -3.14151, phi3: 1.76718
[HLS IP] Calculated phaseInc: -0.0138059 (Estimated CFO: 4.50001)
[HLS IP] Estimated phi1: -0.1963, phi2: -3.14151, phi3: 2.94527
[HLS IP] Calculated phaseInc: -0.0230098 (Estimated CFO: 7.50001)
[HLS IP] Estimated phi1: 1.80639, phi2: -1.25672, phi3: 3.06308
[HLS IP] Calculated phaseInc: -0.0239301 (Estimated CFO: 7.79999)
-----------------------------------------------------
[TESTBENCH] Captured Output for Packet #1
[TESTBENCH] Target Simulated CFO: -7.500000
   Sample    0 | TX Ideal: (-0.69865, -0.44919) | RX Corrected: ( 0.00000,  0.00000) | Error: ( 0.69865,  0.44919)
   Sample    1 | TX Ideal: ( 0.61524, -0.12045) | RX Corrected: ( 0.00000,  0.00000) | Error: ( 0.61524,  0.12045)
   Sample    2 | TX Ideal: ( 0.04252,  0.60477) | RX Corrected: ( 0.00000,  0.00000) | Error: ( 0.04252,  0.60477)
   Sample    3 | TX Ideal: ( 0.40108,  0.00050) | RX Corrected: ( 0.00000,  0.00000) | Error: ( 0.40108,  0.00050)
   Sample    4 | TX Ideal: ( 0.07484,  0.65412) | RX Corrected: ( 0.00000,  0.00000) | Error: ( 0.07484,  0.65412)
   Sample    5 | TX Ideal: (-0.46094,  0.54350) | RX Corrected: ( 0.00000,  0.00000) | Error: ( 0.46094,  0.54350)
   Sample   10 | TX Ideal: (-0.20892, -0.03774) | RX Corrected: ( 0.00000,  0.00000) | Error: ( 0.20892,  0.03774)
   Sample  500 | TX Ideal: ( 0.41407, -0.14427) | RX Corrected: ( 0.00000,  0.00000) | Error: ( 0.41407,  0.14427)
   Sample 1000 | TX Ideal: (-0.55314, -0.66786) | RX Corrected: ( 0.00000,  0.00000) | Error: ( 0.55314,  0.66786)
   Sample 1500 | TX Ideal: (-0.41809, -0.20384) | RX Corrected: ( 0.00000,  0.00000) | Error: ( 0.41809,  0.20384)
   Sample 2000 | TX Ideal: ( 0.19534,  0.02134) | RX Corrected: ( 0.00000,  0.00000) | Error: ( 0.19534,  0.02134)
[TESTBENCH] Packet #1 Finished!
   - Checked Samples: 2048 (Expected 2048)
   - Max Real Error:  0.69999
   - Max Imag Error:  0.69971
   - Mean Squared Error (MSE): 0.33304
[WARNING] MSE is relatively high! Check NCO rotation direction or precision loss.
-----------------------------------------------------
[TESTBENCH] Captured Output for Packet #2
[TESTBENCH] Target Simulated CFO: -4.500000
   Sample    0 | TX Ideal: (-0.39087, -0.63098) | RX Corrected: ( 0.00000,  0.00000) | Error: ( 0.39087,  0.63098)
   Sample    1 | TX Ideal: ( 0.04392,  0.41366) | RX Corrected: ( 0.00000,  0.00000) | Error: ( 0.04392,  0.41366)
   Sample    2 | TX Ideal: ( 0.03035,  0.41903) | RX Corrected: (-0.21469, -0.32858) | Error: ( 0.24504,  0.74761)
   Sample    3 | TX Ideal: ( 0.57402,  0.13890) | RX Corrected: ( 0.64874, -0.04617) | Error: ( 0.07472,  0.18507)
   Sample    4 | TX Ideal: ( 0.65444, -0.67640) | RX Corrected: ( 0.06342, -0.07156) | Error: ( 0.59102,  0.60483)
   Sample    5 | TX Ideal: (-0.17934,  0.10727) | RX Corrected: (-0.04214,  0.56857) | Error: ( 0.13719,  0.46131)
   Sample   10 | TX Ideal: ( 0.33789,  0.57848) | RX Corrected: ( 0.21329, -0.37204) | Error: ( 0.12461,  0.95052)
   Sample  500 | TX Ideal: ( 0.08137, -0.24544) | RX Corrected: ( 0.38007, -0.24826) | Error: ( 0.29870,  0.00282)
   Sample 1000 | TX Ideal: (-0.37233,  0.18738) | RX Corrected: ( 0.64758, -0.27383) | Error: ( 1.01992,  0.46122)
   Sample 1500 | TX Ideal: (-0.49969,  0.37598) | RX Corrected: ( 0.81534, -0.05716) | Error: ( 1.31502,  0.43314)
   Sample 2000 | TX Ideal: (-0.66470,  0.45938) | RX Corrected: (-0.20752, -0.55746) | Error: ( 0.45718,  1.01684)
[TESTBENCH] Packet #2 Finished!
   - Checked Samples: 2048 (Expected 2048)
   - Max Real Error:  1.46820
   - Max Imag Error:  1.59925
   - Mean Squared Error (MSE): 0.64865
[WARNING] MSE is relatively high! Check NCO rotation direction or precision loss.
-----------------------------------------------------
[TESTBENCH] Captured Output for Packet #3
[TESTBENCH] Target Simulated CFO: -1.450000
   Sample    0 | TX Ideal: (-0.16667,  0.24110) | RX Corrected: ( 0.47559, -0.46277) | Error: ( 0.64225,  0.70387)
   Sample    1 | TX Ideal: ( 0.52759, -0.42248) | RX Corrected: (-0.69409,  0.00970) | Error: ( 1.22168,  0.43218)
   Sample    2 | TX Ideal: ( 0.17817, -0.02605) | RX Corrected: ( 0.21667, -0.05069) | Error: ( 0.03850,  0.02464)
   Sample    3 | TX Ideal: ( 0.38878,  0.37140) | RX Corrected: (-0.54886, -0.48511) | Error: ( 0.93764,  0.85650)
   Sample    4 | TX Ideal: (-0.55428, -0.12601) | RX Corrected: ( 0.48801,  0.41104) | Error: ( 1.04228,  0.53705)
   Sample    5 | TX Ideal: ( 0.31100, -0.64037) | RX Corrected: ( 0.05194, -0.35736) | Error: ( 0.25906,  0.28301)
   Sample   10 | TX Ideal: (-0.45471,  0.27392) | RX Corrected: ( 0.63849,  0.30353) | Error: ( 1.09320,  0.02961)
   Sample  500 | TX Ideal: (-0.46778,  0.46030) | RX Corrected: ( 0.01422, -0.01535) | Error: ( 0.48200,  0.47565)
   Sample 1000 | TX Ideal: (-0.67314, -0.08808) | RX Corrected: (-0.31354,  0.04129) | Error: ( 0.35960,  0.12937)
   Sample 1500 | TX Ideal: (-0.21858, -0.08346) | RX Corrected: ( 0.18460, -0.55603) | Error: ( 0.40318,  0.47257)
   Sample 2000 | TX Ideal: ( 0.60136,  0.47387) | RX Corrected: (-0.52124,  0.39520) | Error: ( 1.12260,  0.07867)
[TESTBENCH] Packet #3 Finished!
   - Checked Samples: 2048 (Expected 2048)
   - Max Real Error:  1.53489
   - Max Imag Error:  1.52025
   - Mean Squared Error (MSE): 0.54621
[WARNING] MSE is relatively high! Check NCO rotation direction or precision loss.
-----------------------------------------------------
[TESTBENCH] Captured Output for Packet #4
[TESTBENCH] Target Simulated CFO: -0.500000
   Sample    0 | TX Ideal: (-0.64438,  0.27495) | RX Corrected: (-0.49469,  0.08759) | Error: ( 0.14969,  0.18737)
   Sample    1 | TX Ideal: (-0.29161,  0.26105) | RX Corrected: (-0.38208,  0.11108) | Error: ( 0.09047,  0.14997)
   Sample    2 | TX Ideal: (-0.10993,  0.33339) | RX Corrected: (-0.16602, -0.64346) | Error: ( 0.05608,  0.97685)
   Sample    3 | TX Ideal: ( 0.46381,  0.03027) | RX Corrected: ( 0.34360, -0.47058) | Error: ( 0.12021,  0.50085)
   Sample    4 | TX Ideal: ( 0.60711,  0.57383) | RX Corrected: ( 0.15076, -0.42490) | Error: ( 0.45636,  0.99873)
   Sample    5 | TX Ideal: (-0.19412, -0.62676) | RX Corrected: ( 0.55154, -0.00418) | Error: ( 0.74567,  0.62258)
   Sample   10 | TX Ideal: ( 0.04132, -0.00094) | RX Corrected: (-0.31360, -0.23181) | Error: ( 0.35491,  0.23087)
   Sample  500 | TX Ideal: ( 0.05375,  0.39017) | RX Corrected: ( 0.58466,  0.16684) | Error: ( 0.53090,  0.22333)
   Sample 1000 | TX Ideal: ( 0.08530, -0.01297) | RX Corrected: (-0.26151,  0.17786) | Error: ( 0.34680,  0.19082)
   Sample 1500 | TX Ideal: (-0.11107, -0.62957) | RX Corrected: (-0.01877,  0.00674) | Error: ( 0.09231,  0.63631)
   Sample 2000 | TX Ideal: ( 0.14154,  0.26770) | RX Corrected: (-0.02570, -0.59677) | Error: ( 0.16724,  0.86447)
[TESTBENCH] Packet #4 Finished!
   - Checked Samples: 2048 (Expected 2048)
   - Max Real Error:  1.58926
   - Max Imag Error:  1.65732
   - Mean Squared Error (MSE): 0.57878
[WARNING] MSE is relatively high! Check NCO rotation direction or precision loss.
-----------------------------------------------------
[TESTBENCH] Captured Output for Packet #5
[TESTBENCH] Target Simulated CFO: 0.000000
   Sample    0 | TX Ideal: (-0.13430, -0.40128) | RX Corrected: ( 0.56427, -0.19965) | Error: ( 0.69857,  0.20163)
   Sample    1 | TX Ideal: (-0.52246, -0.10455) | RX Corrected: ( 0.38983, -0.03525) | Error: ( 0.91229,  0.06930)
   Sample    2 | TX Ideal: (-0.21788,  0.56882) | RX Corrected: (-0.19846,  0.52823) | Error: ( 0.01942,  0.04059)
   Sample    3 | TX Ideal: (-0.50058, -0.57642) | RX Corrected: (-0.24539,  0.01077) | Error: ( 0.25518,  0.58719)
   Sample    4 | TX Ideal: ( 0.16765, -0.44413) | RX Corrected: ( 0.03403,  0.54169) | Error: ( 0.13363,  0.98582)
   Sample    5 | TX Ideal: ( 0.31453, -0.06670) | RX Corrected: ( 0.63580,  0.00327) | Error: ( 0.32127,  0.06997)
   Sample   10 | TX Ideal: (-0.58728, -0.33849) | RX Corrected: ( 0.15781, -0.16147) | Error: ( 0.74508,  0.17702)
   Sample  500 | TX Ideal: ( 0.65978, -0.40696) | RX Corrected: ( 0.35394,  0.40759) | Error: ( 0.30584,  0.81456)
   Sample 1000 | TX Ideal: (-0.52459,  0.42508) | RX Corrected: ( 0.39645,  0.03366) | Error: ( 0.92104,  0.39142)
   Sample 1500 | TX Ideal: ( 0.63906, -0.17957) | RX Corrected: (-0.31061,  0.35825) | Error: ( 0.94966,  0.53782)
   Sample 2000 | TX Ideal: ( 0.45851,  0.63107) | RX Corrected: (-0.01096, -0.00284) | Error: ( 0.46947,  0.63391)
[TESTBENCH] Packet #5 Finished!
   - Checked Samples: 2048 (Expected 2048)
   - Max Real Error:  1.43846
   - Max Imag Error:  1.49910
   - Mean Squared Error (MSE): 0.60747
[WARNING] MSE is relatively high! Check NCO rotation direction or precision loss.
-----------------------------------------------------
[TESTBENCH] Captured Output for Packet #6
[TESTBENCH] Target Simulated CFO: 0.500000
   Sample    0 | TX Ideal: ( 0.33935, -0.21289) | RX Corrected: ( 0.00861,  0.00833) | Error: ( 0.33074,  0.22122)
   Sample    1 | TX Ideal: ( 0.31948,  0.49305) | RX Corrected: ( 0.01288, -0.00323) | Error: ( 0.30660,  0.49629)
   Sample    2 | TX Ideal: ( 0.16742, -0.19288) | RX Corrected: ( 0.00980,  0.01505) | Error: ( 0.15762,  0.20793)
   Sample    3 | TX Ideal: ( 0.63383,  0.14825) | RX Corrected: ( 0.00073, -0.01239) | Error: ( 0.63310,  0.16064)
   Sample    4 | TX Ideal: (-0.30748, -0.45637) | RX Corrected: ( 0.00937, -0.00565) | Error: ( 0.31685,  0.45073)
   Sample    5 | TX Ideal: ( 0.32154,  0.15518) | RX Corrected: ( 0.00436, -0.00418) | Error: ( 0.31718,  0.15937)
   Sample   10 | TX Ideal: ( 0.59510,  0.20633) | RX Corrected: ( 0.00797, -0.00198) | Error: ( 0.58713,  0.20831)
   Sample  500 | TX Ideal: (-0.24604,  0.33225) | RX Corrected: (-0.43689, -0.21365) | Error: ( 0.19085,  0.54590)
   Sample 1000 | TX Ideal: ( 0.32354,  0.17339) | RX Corrected: ( 0.18521, -0.16507) | Error: ( 0.13833,  0.33846)
   Sample 1500 | TX Ideal: ( 0.48217,  0.61021) | RX Corrected: (-0.10654, -0.25507) | Error: ( 0.58871,  0.86528)
   Sample 2000 | TX Ideal: (-0.66290, -0.08344) | RX Corrected: ( 0.62778, -0.20822) | Error: ( 1.29067,  0.12478)
[TESTBENCH] Packet #6 Finished!
   - Checked Samples: 2048 (Expected 2048)
   - Max Real Error:  1.61556
   - Max Imag Error:  1.59416
   - Mean Squared Error (MSE): 0.60058
[WARNING] MSE is relatively high! Check NCO rotation direction or precision loss.
-----------------------------------------------------
[TESTBENCH] Captured Output for Packet #7
[TESTBENCH] Target Simulated CFO: 1.500000
   Sample    0 | TX Ideal: (-0.56165,  0.59922) | RX Corrected: ( 0.11176,  0.51495) | Error: ( 0.67340,  0.08426)
   Sample    1 | TX Ideal: (-0.58920, -0.51372) | RX Corrected: (-0.54803,  0.43375) | Error: ( 0.04117,  0.94746)
   Sample    2 | TX Ideal: (-0.21026, -0.27309) | RX Corrected: (-0.73392,  0.14548) | Error: ( 0.52366,  0.41856)
   Sample    3 | TX Ideal: (-0.55371, -0.43563) | RX Corrected: ( 0.64572, -0.31390) | Error: ( 1.19943,  0.12173)
   Sample    4 | TX Ideal: ( 0.28489,  0.16076) | RX Corrected: (-0.73111, -0.03790) | Error: ( 1.01600,  0.19867)
   Sample    5 | TX Ideal: (-0.03275, -0.26372) | RX Corrected: ( 0.09473, -0.27954) | Error: ( 0.12748,  0.01582)
   Sample   10 | TX Ideal: ( 0.23820, -0.58325) | RX Corrected: ( 0.88019, -0.14465) | Error: ( 0.64199,  0.43860)
   Sample  500 | TX Ideal: ( 0.15699, -0.51942) | RX Corrected: (-0.13507, -0.46719) | Error: ( 0.29206,  0.05223)
   Sample 1000 | TX Ideal: ( 0.16976, -0.07711) | RX Corrected: ( 0.01129,  0.00583) | Error: ( 0.15847,  0.08294)
   Sample 1500 | TX Ideal: (-0.69636,  0.32768) | RX Corrected: ( 0.43719, -0.53983) | Error: ( 1.13355,  0.86750)
   Sample 2000 | TX Ideal: (-0.20481,  0.43147) | RX Corrected: (-0.78183,  0.15894) | Error: ( 0.57702,  0.27253)
[TESTBENCH] Packet #7 Finished!
   - Checked Samples: 2048 (Expected 2048)
   - Max Real Error:  1.49130
   - Max Imag Error:  1.54532
   - Mean Squared Error (MSE): 0.57628
[WARNING] MSE is relatively high! Check NCO rotation direction or precision loss.
-----------------------------------------------------
[TESTBENCH] Captured Output for Packet #8
[TESTBENCH] Target Simulated CFO: 4.500000
   Sample    0 | TX Ideal: ( 0.18872, -0.54205) | RX Corrected: (-0.26248, -0.42584) | Error: ( 0.45120,  0.11621)
   Sample    1 | TX Ideal: (-0.40307,  0.25666) | RX Corrected: ( 0.68048, -0.18161) | Error: ( 1.08355,  0.43827)
   Sample    2 | TX Ideal: ( 0.20296, -0.62261) | RX Corrected: ( 0.16943,  0.63290) | Error: ( 0.03353,  1.25552)
   Sample    3 | TX Ideal: (-0.65255,  0.12650) | RX Corrected: ( 0.11426,  0.24066) | Error: ( 0.76681,  0.11416)
   Sample    4 | TX Ideal: (-0.48051,  0.60851) | RX Corrected: (-0.14853, -0.11444) | Error: ( 0.33198,  0.72295)
   Sample    5 | TX Ideal: ( 0.29179, -0.04981) | RX Corrected: (-0.46201, -0.34238) | Error: ( 0.75380,  0.29257)
   Sample   10 | TX Ideal: ( 0.25030, -0.15573) | RX Corrected: ( 0.00037, -0.77512) | Error: ( 0.24994,  0.61939)
   Sample  500 | TX Ideal: (-0.15245, -0.19915) | RX Corrected: (-0.14777,  0.66769) | Error: ( 0.00468,  0.86684)
   Sample 1000 | TX Ideal: (-0.21850, -0.15000) | RX Corrected: ( 0.68076,  0.04398) | Error: ( 0.89926,  0.19397)
   Sample 1500 | TX Ideal: ( 0.47349,  0.34202) | RX Corrected: (-0.00345,  0.00104) | Error: ( 0.47694,  0.34099)
   Sample 2000 | TX Ideal: ( 0.29499,  0.51295) | RX Corrected: ( 0.48022, -0.51678) | Error: ( 0.18523,  1.02973)
[TESTBENCH] Packet #8 Finished!
   - Checked Samples: 2048 (Expected 2048)
   - Max Real Error:  1.51807
   - Max Imag Error:  1.52936
   - Mean Squared Error (MSE): 0.57185
[WARNING] MSE is relatively high! Check NCO rotation direction or precision loss.
-----------------------------------------------------
[TESTBENCH] Captured Output for Packet #9
[TESTBENCH] Target Simulated CFO: 7.500000
   Sample    0 | TX Ideal: ( 0.41842,  0.10615) | RX Corrected: ( 0.36215, -0.56726) | Error: ( 0.05626,  0.67341)
   Sample    1 | TX Ideal: ( 0.45913, -0.14398) | RX Corrected: ( 0.43665, -0.15601) | Error: ( 0.02249,  0.01203)
   Sample    2 | TX Ideal: (-0.67790, -0.32515) | RX Corrected: ( 0.39597,  0.06042) | Error: ( 1.07387,  0.38557)
   Sample    3 | TX Ideal: (-0.59270, -0.55074) | RX Corrected: (-0.06674,  0.58368) | Error: ( 0.52596,  1.13442)
   Sample    4 | TX Ideal: ( 0.55311,  0.07607) | RX Corrected: ( 0.25079, -0.04831) | Error: ( 0.30231,  0.12438)
   Sample    5 | TX Ideal: ( 0.38679,  0.66287) | RX Corrected: ( 0.41846,  0.49847) | Error: ( 0.03166,  0.16440)
   Sample   10 | TX Ideal: ( 0.49367, -0.68600) | RX Corrected: (-0.43475, -0.27271) | Error: ( 0.92842,  0.41329)
   Sample  500 | TX Ideal: (-0.53228, -0.05411) | RX Corrected: ( 0.43317,  0.50134) | Error: ( 0.96545,  0.55545)
   Sample 1000 | TX Ideal: ( 0.28018, -0.65729) | RX Corrected: (-0.13132,  0.00269) | Error: ( 0.41149,  0.65997)
   Sample 1500 | TX Ideal: (-0.45706, -0.03975) | RX Corrected: (-0.29657,  0.68347) | Error: ( 0.16049,  0.72322)
   Sample 2000 | TX Ideal: (-0.04398,  0.03518) | RX Corrected: ( 0.64838,  0.27805) | Error: ( 0.69236,  0.24287)
[TESTBENCH] Packet #9 Finished!
   - Checked Samples: 2048 (Expected 2048)
   - Max Real Error:  1.52358
   - Max Imag Error:  1.59994
   - Mean Squared Error (MSE): 0.66303
[WARNING] MSE is relatively high! Check NCO rotation direction or precision loss.
-----------------------------------------------------
[TESTBENCH] Captured Output for Packet #10
[TESTBENCH] Target Simulated CFO: 7.800000
   Sample    0 | TX Ideal: (-0.61565,  0.22254) | RX Corrected: (-0.22906,  0.63278) | Error: ( 0.38658,  0.41024)
   Sample    1 | TX Ideal: (-0.53455, -0.35190) | RX Corrected: (-0.39185,  0.24783) | Error: ( 0.14270,  0.59973)
   Sample    2 | TX Ideal: ( 0.61636,  0.63121) | RX Corrected: ( 0.01163, -0.02841) | Error: ( 0.60474,  0.65962)
   Sample    3 | TX Ideal: (-0.51981, -0.43578) | RX Corrected: ( 0.00613,  0.01746) | Error: ( 0.52594,  0.45324)
   Sample    4 | TX Ideal: ( 0.56626, -0.11468) | RX Corrected: (-0.00452,  0.00085) | Error: ( 0.57077,  0.11554)
   Sample    5 | TX Ideal: ( 0.34721,  0.39445) | RX Corrected: (-0.01447, -0.00925) | Error: ( 0.36168,  0.40370)
   Sample   10 | TX Ideal: (-0.47750, -0.56551) | RX Corrected: (-0.01639, -0.00317) | Error: ( 0.46111,  0.56234)
   Sample  500 | TX Ideal: (-0.02654,  0.55457) | RX Corrected: ( 0.00211,  0.00421) | Error: ( 0.02864,  0.55035)
   Sample 1000 | TX Ideal: (-0.37334,  0.15675) | RX Corrected: (-0.56033, -0.02673) | Error: ( 0.18700,  0.18348)
   Sample 1500 | TX Ideal: (-0.46833, -0.41626) | RX Corrected: ( 0.27615,  0.63712) | Error: ( 0.74448,  1.05338)
   Sample 2000 | TX Ideal: (-0.64336, -0.68223) | RX Corrected: (-0.05658,  0.07437) | Error: ( 0.58678,  0.75660)
[TESTBENCH] Packet #10 Finished!
   - Checked Samples: 2048 (Expected 2048)
   - Max Real Error:  1.48176
   - Max Imag Error:  1.52017
   - Mean Squared Error (MSE): 0.56956
[WARNING] MSE is relatively high! Check NCO rotation direction or precision loss.
=====================================================
[SUCCESS] Vitis Co-simulation finished successfully!
=====================================================
INFO [HLS SIM]: The maximum depth reached by any hls::stream() instance in the design is 32648
INFO: [COSIM 212-302] Starting C TB testing ... 
=====================================================
 OFDM CFO Sync HLS Testbench (Vitis C Simulation)
=====================================================
[INFO] Total injected samples: 32648
   - Packet #1 injected at sample index: 0 with simulated CFO: -7.5
   - Packet #2 injected at sample index: 2816 with simulated CFO: -4.5
   - Packet #3 injected at sample index: 5632 with simulated CFO: -1.45
   - Packet #4 injected at sample index: 8448 with simulated CFO: -0.5
   - Packet #5 injected at sample index: 11264 with simulated CFO: 0
   - Packet #6 injected at sample index: 14080 with simulated CFO: 0.5
   - Packet #7 injected at sample index: 16896 with simulated CFO: 1.5
   - Packet #8 injected at sample index: 19712 with simulated CFO: 4.5
   - Packet #9 injected at sample index: 22528 with simulated CFO: 7.5
   - Packet #10 injected at sample index: 25344 with simulated CFO: 7.8
=====================================================
[HLS IP] Estimated phi1: 0.196252, phi2: 3.14154, phi3: -2.94523
[HLS IP] Calculated phaseInc: 0.0230097 (Estimated CFO: -7.50001)
[HLS IP] Estimated phi1: 1.3744, phi2: 3.14155, phi3: -1.76717
[HLS IP] Calculated phaseInc: 0.0138058 (Estimated CFO: -4.50001)
[HLS IP] Estimated phi1: 2.88635, phi2: -2.82744, phi3: -0.569438
[HLS IP] Calculated phaseInc: 0.00444855 (Estimated CFO: -1.45)
[HLS IP] Estimated phi1: 2.94526, phi2: 3.14159, phi3: -0.19638
[HLS IP] Calculated phaseInc: 0.00153398 (Estimated CFO: -0.500001)
[HLS IP] Estimated phi1: 0, phi2: 0, phi3: 0
[HLS IP] Calculated phaseInc: -0 (Estimated CFO: 0)
[HLS IP] Estimated phi1: -2.94521, phi2: -3.14157, phi3: 0.196332
[HLS IP] Calculated phaseInc: -0.00153399 (Estimated CFO: 0.500003)
[HLS IP] Estimated phi1: -2.55251, phi2: -3.14155, phi3: 0.589045
[HLS IP] Calculated phaseInc: -0.00460196 (Estimated CFO: 1.50001)
[HLS IP] Estimated phi1: -1.37441, phi2: -3.14151, phi3: 1.76718
[HLS IP] Calculated phaseInc: -0.0138059 (Estimated CFO: 4.50001)
[HLS IP] Estimated phi1: -0.1963, phi2: -3.14151, phi3: 2.94527
[HLS IP] Calculated phaseInc: -0.0230098 (Estimated CFO: 7.50001)
[HLS IP] Estimated phi1: 1.80639, phi2: -1.25672, phi3: 3.06308
[HLS IP] Calculated phaseInc: -0.0239301 (Estimated CFO: 7.79999)
-----------------------------------------------------
[TESTBENCH] Captured Output for Packet #1
[TESTBENCH] Target Simulated CFO: -7.500000
   Sample    0 | TX Ideal: (-0.69865, -0.44919) | RX Corrected: ( 0.00000,  0.00000) | Error: ( 0.69865,  0.44919)
   Sample    1 | TX Ideal: ( 0.61524, -0.12045) | RX Corrected: ( 0.00000,  0.00000) | Error: ( 0.61524,  0.12045)
   Sample    2 | TX Ideal: ( 0.04252,  0.60477) | RX Corrected: ( 0.00000,  0.00000) | Error: ( 0.04252,  0.60477)
   Sample    3 | TX Ideal: ( 0.40108,  0.00050) | RX Corrected: ( 0.00000,  0.00000) | Error: ( 0.40108,  0.00050)
   Sample    4 | TX Ideal: ( 0.07484,  0.65412) | RX Corrected: ( 0.00000,  0.00000) | Error: ( 0.07484,  0.65412)
   Sample    5 | TX Ideal: (-0.46094,  0.54350) | RX Corrected: ( 0.00000,  0.00000) | Error: ( 0.46094,  0.54350)
   Sample   10 | TX Ideal: (-0.20892, -0.03774) | RX Corrected: ( 0.00000,  0.00000) | Error: ( 0.20892,  0.03774)
   Sample  500 | TX Ideal: ( 0.41407, -0.14427) | RX Corrected: ( 0.00000,  0.00000) | Error: ( 0.41407,  0.14427)
   Sample 1000 | TX Ideal: (-0.55314, -0.66786) | RX Corrected: ( 0.00000,  0.00000) | Error: ( 0.55314,  0.66786)
   Sample 1500 | TX Ideal: (-0.41809, -0.20384) | RX Corrected: ( 0.00000,  0.00000) | Error: ( 0.41809,  0.20384)
   Sample 2000 | TX Ideal: ( 0.19534,  0.02134) | RX Corrected: ( 0.00000,  0.00000) | Error: ( 0.19534,  0.02134)
[TESTBENCH] Packet #1 Finished!
   - Checked Samples: 2048 (Expected 2048)
   - Max Real Error:  0.69999
   - Max Imag Error:  0.69971
   - Mean Squared Error (MSE): 0.33304
[WARNING] MSE is relatively high! Check NCO rotation direction or precision loss.
-----------------------------------------------------
[TESTBENCH] Captured Output for Packet #2
[TESTBENCH] Target Simulated CFO: -4.500000
   Sample    0 | TX Ideal: (-0.39087, -0.63098) | RX Corrected: ( 0.00000,  0.00000) | Error: ( 0.39087,  0.63098)
   Sample    1 | TX Ideal: ( 0.04392,  0.41366) | RX Corrected: ( 0.00000,  0.00000) | Error: ( 0.04392,  0.41366)
   Sample    2 | TX Ideal: ( 0.03035,  0.41903) | RX Corrected: (-0.21469, -0.32858) | Error: ( 0.24504,  0.74761)
   Sample    3 | TX Ideal: ( 0.57402,  0.13890) | RX Corrected: ( 0.64874, -0.04617) | Error: ( 0.07472,  0.18507)
   Sample    4 | TX Ideal: ( 0.65444, -0.67640) | RX Corrected: ( 0.06342, -0.07156) | Error: ( 0.59102,  0.60483)
   Sample    5 | TX Ideal: (-0.17934,  0.10727) | RX Corrected: (-0.04214,  0.56857) | Error: ( 0.13719,  0.46131)
   Sample   10 | TX Ideal: ( 0.33789,  0.57848) | RX Corrected: ( 0.21329, -0.37204) | Error: ( 0.12461,  0.95052)
   Sample  500 | TX Ideal: ( 0.08137, -0.24544) | RX Corrected: ( 0.38007, -0.24826) | Error: ( 0.29870,  0.00282)
   Sample 1000 | TX Ideal: (-0.37233,  0.18738) | RX Corrected: ( 0.64758, -0.27383) | Error: ( 1.01992,  0.46122)
   Sample 1500 | TX Ideal: (-0.49969,  0.37598) | RX Corrected: ( 0.81534, -0.05716) | Error: ( 1.31502,  0.43314)
   Sample 2000 | TX Ideal: (-0.66470,  0.45938) | RX Corrected: (-0.20752, -0.55746) | Error: ( 0.45718,  1.01684)
[TESTBENCH] Packet #2 Finished!
   - Checked Samples: 2048 (Expected 2048)
   - Max Real Error:  1.46820
   - Max Imag Error:  1.59925
   - Mean Squared Error (MSE): 0.64865
[WARNING] MSE is relatively high! Check NCO rotation direction or precision loss.
-----------------------------------------------------
[TESTBENCH] Captured Output for Packet #3
[TESTBENCH] Target Simulated CFO: -1.450000
   Sample    0 | TX Ideal: (-0.16667,  0.24110) | RX Corrected: ( 0.47559, -0.46277) | Error: ( 0.64225,  0.70387)
   Sample    1 | TX Ideal: ( 0.52759, -0.42248) | RX Corrected: (-0.69409,  0.00970) | Error: ( 1.22168,  0.43218)
   Sample    2 | TX Ideal: ( 0.17817, -0.02605) | RX Corrected: ( 0.21667, -0.05069) | Error: ( 0.03850,  0.02464)
   Sample    3 | TX Ideal: ( 0.38878,  0.37140) | RX Corrected: (-0.54886, -0.48511) | Error: ( 0.93764,  0.85650)
   Sample    4 | TX Ideal: (-0.55428, -0.12601) | RX Corrected: ( 0.48801,  0.41104) | Error: ( 1.04228,  0.53705)
   Sample    5 | TX Ideal: ( 0.31100, -0.64037) | RX Corrected: ( 0.05194, -0.35736) | Error: ( 0.25906,  0.28301)
   Sample   10 | TX Ideal: (-0.45471,  0.27392) | RX Corrected: ( 0.63849,  0.30353) | Error: ( 1.09320,  0.02961)
   Sample  500 | TX Ideal: (-0.46778,  0.46030) | RX Corrected: ( 0.01422, -0.01535) | Error: ( 0.48200,  0.47565)
   Sample 1000 | TX Ideal: (-0.67314, -0.08808) | RX Corrected: (-0.31354,  0.04129) | Error: ( 0.35960,  0.12937)
   Sample 1500 | TX Ideal: (-0.21858, -0.08346) | RX Corrected: ( 0.18460, -0.55603) | Error: ( 0.40318,  0.47257)
   Sample 2000 | TX Ideal: ( 0.60136,  0.47387) | RX Corrected: (-0.52124,  0.39520) | Error: ( 1.12260,  0.07867)
[TESTBENCH] Packet #3 Finished!
   - Checked Samples: 2048 (Expected 2048)
   - Max Real Error:  1.53489
   - Max Imag Error:  1.52025
   - Mean Squared Error (MSE): 0.54621
[WARNING] MSE is relatively high! Check NCO rotation direction or precision loss.
-----------------------------------------------------
[TESTBENCH] Captured Output for Packet #4
[TESTBENCH] Target Simulated CFO: -0.500000
   Sample    0 | TX Ideal: (-0.64438,  0.27495) | RX Corrected: (-0.49469,  0.08759) | Error: ( 0.14969,  0.18737)
   Sample    1 | TX Ideal: (-0.29161,  0.26105) | RX Corrected: (-0.38208,  0.11108) | Error: ( 0.09047,  0.14997)
   Sample    2 | TX Ideal: (-0.10993,  0.33339) | RX Corrected: (-0.16602, -0.64346) | Error: ( 0.05608,  0.97685)
   Sample    3 | TX Ideal: ( 0.46381,  0.03027) | RX Corrected: ( 0.34360, -0.47058) | Error: ( 0.12021,  0.50085)
   Sample    4 | TX Ideal: ( 0.60711,  0.57383) | RX Corrected: ( 0.15076, -0.42490) | Error: ( 0.45636,  0.99873)
   Sample    5 | TX Ideal: (-0.19412, -0.62676) | RX Corrected: ( 0.55154, -0.00418) | Error: ( 0.74567,  0.62258)
   Sample   10 | TX Ideal: ( 0.04132, -0.00094) | RX Corrected: (-0.31360, -0.23181) | Error: ( 0.35491,  0.23087)
   Sample  500 | TX Ideal: ( 0.05375,  0.39017) | RX Corrected: ( 0.58466,  0.16684) | Error: ( 0.53090,  0.22333)
   Sample 1000 | TX Ideal: ( 0.08530, -0.01297) | RX Corrected: (-0.26151,  0.17786) | Error: ( 0.34680,  0.19082)
   Sample 1500 | TX Ideal: (-0.11107, -0.62957) | RX Corrected: (-0.01877,  0.00674) | Error: ( 0.09231,  0.63631)
   Sample 2000 | TX Ideal: ( 0.14154,  0.26770) | RX Corrected: (-0.02570, -0.59677) | Error: ( 0.16724,  0.86447)
[TESTBENCH] Packet #4 Finished!
   - Checked Samples: 2048 (Expected 2048)
   - Max Real Error:  1.58926
   - Max Imag Error:  1.65732
   - Mean Squared Error (MSE): 0.57878
[WARNING] MSE is relatively high! Check NCO rotation direction or precision loss.
-----------------------------------------------------
[TESTBENCH] Captured Output for Packet #5
[TESTBENCH] Target Simulated CFO: 0.000000
   Sample    0 | TX Ideal: (-0.13430, -0.40128) | RX Corrected: ( 0.56427, -0.19965) | Error: ( 0.69857,  0.20163)
   Sample    1 | TX Ideal: (-0.52246, -0.10455) | RX Corrected: ( 0.38983, -0.03525) | Error: ( 0.91229,  0.06930)
   Sample    2 | TX Ideal: (-0.21788,  0.56882) | RX Corrected: (-0.19846,  0.52823) | Error: ( 0.01942,  0.04059)
   Sample    3 | TX Ideal: (-0.50058, -0.57642) | RX Corrected: (-0.24539,  0.01077) | Error: ( 0.25518,  0.58719)
   Sample    4 | TX Ideal: ( 0.16765, -0.44413) | RX Corrected: ( 0.03403,  0.54169) | Error: ( 0.13363,  0.98582)
   Sample    5 | TX Ideal: ( 0.31453, -0.06670) | RX Corrected: ( 0.63580,  0.00327) | Error: ( 0.32127,  0.06997)
   Sample   10 | TX Ideal: (-0.58728, -0.33849) | RX Corrected: ( 0.15781, -0.16147) | Error: ( 0.74508,  0.17702)
   Sample  500 | TX Ideal: ( 0.65978, -0.40696) | RX Corrected: ( 0.35394,  0.40759) | Error: ( 0.30584,  0.81456)
   Sample 1000 | TX Ideal: (-0.52459,  0.42508) | RX Corrected: ( 0.39645,  0.03366) | Error: ( 0.92104,  0.39142)
   Sample 1500 | TX Ideal: ( 0.63906, -0.17957) | RX Corrected: (-0.31061,  0.35825) | Error: ( 0.94966,  0.53782)
   Sample 2000 | TX Ideal: ( 0.45851,  0.63107) | RX Corrected: (-0.01096, -0.00284) | Error: ( 0.46947,  0.63391)
[TESTBENCH] Packet #5 Finished!
   - Checked Samples: 2048 (Expected 2048)
   - Max Real Error:  1.43846
   - Max Imag Error:  1.49910
   - Mean Squared Error (MSE): 0.60747
[WARNING] MSE is relatively high! Check NCO rotation direction or precision loss.
-----------------------------------------------------
[TESTBENCH] Captured Output for Packet #6
[TESTBENCH] Target Simulated CFO: 0.500000
   Sample    0 | TX Ideal: ( 0.33935, -0.21289) | RX Corrected: ( 0.00861,  0.00833) | Error: ( 0.33074,  0.22122)
   Sample    1 | TX Ideal: ( 0.31948,  0.49305) | RX Corrected: ( 0.01288, -0.00323) | Error: ( 0.30660,  0.49629)
   Sample    2 | TX Ideal: ( 0.16742, -0.19288) | RX Corrected: ( 0.00980,  0.01505) | Error: ( 0.15762,  0.20793)
   Sample    3 | TX Ideal: ( 0.63383,  0.14825) | RX Corrected: ( 0.00073, -0.01239) | Error: ( 0.63310,  0.16064)
   Sample    4 | TX Ideal: (-0.30748, -0.45637) | RX Corrected: ( 0.00937, -0.00565) | Error: ( 0.31685,  0.45073)
   Sample    5 | TX Ideal: ( 0.32154,  0.15518) | RX Corrected: ( 0.00436, -0.00418) | Error: ( 0.31718,  0.15937)
   Sample   10 | TX Ideal: ( 0.59510,  0.20633) | RX Corrected: ( 0.00797, -0.00198) | Error: ( 0.58713,  0.20831)
   Sample  500 | TX Ideal: (-0.24604,  0.33225) | RX Corrected: (-0.43689, -0.21365) | Error: ( 0.19085,  0.54590)
   Sample 1000 | TX Ideal: ( 0.32354,  0.17339) | RX Corrected: ( 0.18521, -0.16507) | Error: ( 0.13833,  0.33846)
   Sample 1500 | TX Ideal: ( 0.48217,  0.61021) | RX Corrected: (-0.10654, -0.25507) | Error: ( 0.58871,  0.86528)
   Sample 2000 | TX Ideal: (-0.66290, -0.08344) | RX Corrected: ( 0.62778, -0.20822) | Error: ( 1.29067,  0.12478)
[TESTBENCH] Packet #6 Finished!
   - Checked Samples: 2048 (Expected 2048)
   - Max Real Error:  1.61556
   - Max Imag Error:  1.59416
   - Mean Squared Error (MSE): 0.60058
[WARNING] MSE is relatively high! Check NCO rotation direction or precision loss.
-----------------------------------------------------
[TESTBENCH] Captured Output for Packet #7
[TESTBENCH] Target Simulated CFO: 1.500000
   Sample    0 | TX Ideal: (-0.56165,  0.59922) | RX Corrected: ( 0.11176,  0.51495) | Error: ( 0.67340,  0.08426)
   Sample    1 | TX Ideal: (-0.58920, -0.51372) | RX Corrected: (-0.54803,  0.43375) | Error: ( 0.04117,  0.94746)
   Sample    2 | TX Ideal: (-0.21026, -0.27309) | RX Corrected: (-0.73392,  0.14548) | Error: ( 0.52366,  0.41856)
   Sample    3 | TX Ideal: (-0.55371, -0.43563) | RX Corrected: ( 0.64572, -0.31390) | Error: ( 1.19943,  0.12173)
   Sample    4 | TX Ideal: ( 0.28489,  0.16076) | RX Corrected: (-0.73111, -0.03790) | Error: ( 1.01600,  0.19867)
   Sample    5 | TX Ideal: (-0.03275, -0.26372) | RX Corrected: ( 0.09473, -0.27954) | Error: ( 0.12748,  0.01582)
   Sample   10 | TX Ideal: ( 0.23820, -0.58325) | RX Corrected: ( 0.88019, -0.14465) | Error: ( 0.64199,  0.43860)
   Sample  500 | TX Ideal: ( 0.15699, -0.51942) | RX Corrected: (-0.13507, -0.46719) | Error: ( 0.29206,  0.05223)
   Sample 1000 | TX Ideal: ( 0.16976, -0.07711) | RX Corrected: ( 0.01129,  0.00583) | Error: ( 0.15847,  0.08294)
   Sample 1500 | TX Ideal: (-0.69636,  0.32768) | RX Corrected: ( 0.43719, -0.53983) | Error: ( 1.13355,  0.86750)
   Sample 2000 | TX Ideal: (-0.20481,  0.43147) | RX Corrected: (-0.78183,  0.15894) | Error: ( 0.57702,  0.27253)
[TESTBENCH] Packet #7 Finished!
   - Checked Samples: 2048 (Expected 2048)
   - Max Real Error:  1.49130
   - Max Imag Error:  1.54532
   - Mean Squared Error (MSE): 0.57628
[WARNING] MSE is relatively high! Check NCO rotation direction or precision loss.
-----------------------------------------------------
[TESTBENCH] Captured Output for Packet #8
[TESTBENCH] Target Simulated CFO: 4.500000
   Sample    0 | TX Ideal: ( 0.18872, -0.54205) | RX Corrected: (-0.26248, -0.42584) | Error: ( 0.45120,  0.11621)
   Sample    1 | TX Ideal: (-0.40307,  0.25666) | RX Corrected: ( 0.68048, -0.18161) | Error: ( 1.08355,  0.43827)
   Sample    2 | TX Ideal: ( 0.20296, -0.62261) | RX Corrected: ( 0.16943,  0.63290) | Error: ( 0.03353,  1.25552)
   Sample    3 | TX Ideal: (-0.65255,  0.12650) | RX Corrected: ( 0.11426,  0.24066) | Error: ( 0.76681,  0.11416)
   Sample    4 | TX Ideal: (-0.48051,  0.60851) | RX Corrected: (-0.14853, -0.11444) | Error: ( 0.33198,  0.72295)
   Sample    5 | TX Ideal: ( 0.29179, -0.04981) | RX Corrected: (-0.46201, -0.34238) | Error: ( 0.75380,  0.29257)
   Sample   10 | TX Ideal: ( 0.25030, -0.15573) | RX Corrected: ( 0.00037, -0.77512) | Error: ( 0.24994,  0.61939)
   Sample  500 | TX Ideal: (-0.15245, -0.19915) | RX Corrected: (-0.14777,  0.66769) | Error: ( 0.00468,  0.86684)
   Sample 1000 | TX Ideal: (-0.21850, -0.15000) | RX Corrected: ( 0.68076,  0.04398) | Error: ( 0.89926,  0.19397)
   Sample 1500 | TX Ideal: ( 0.47349,  0.34202) | RX Corrected: (-0.00345,  0.00104) | Error: ( 0.47694,  0.34099)
   Sample 2000 | TX Ideal: ( 0.29499,  0.51295) | RX Corrected: ( 0.48022, -0.51678) | Error: ( 0.18523,  1.02973)
[TESTBENCH] Packet #8 Finished!
   - Checked Samples: 2048 (Expected 2048)
   - Max Real Error:  1.51807
   - Max Imag Error:  1.52936
   - Mean Squared Error (MSE): 0.57185
[WARNING] MSE is relatively high! Check NCO rotation direction or precision loss.
-----------------------------------------------------
[TESTBENCH] Captured Output for Packet #9
[TESTBENCH] Target Simulated CFO: 7.500000
   Sample    0 | TX Ideal: ( 0.41842,  0.10615) | RX Corrected: ( 0.36215, -0.56726) | Error: ( 0.05626,  0.67341)
   Sample    1 | TX Ideal: ( 0.45913, -0.14398) | RX Corrected: ( 0.43665, -0.15601) | Error: ( 0.02249,  0.01203)
   Sample    2 | TX Ideal: (-0.67790, -0.32515) | RX Corrected: ( 0.39597,  0.06042) | Error: ( 1.07387,  0.38557)
   Sample    3 | TX Ideal: (-0.59270, -0.55074) | RX Corrected: (-0.06674,  0.58368) | Error: ( 0.52596,  1.13442)
   Sample    4 | TX Ideal: ( 0.55311,  0.07607) | RX Corrected: ( 0.25079, -0.04831) | Error: ( 0.30231,  0.12438)
   Sample    5 | TX Ideal: ( 0.38679,  0.66287) | RX Corrected: ( 0.41846,  0.49847) | Error: ( 0.03166,  0.16440)
   Sample   10 | TX Ideal: ( 0.49367, -0.68600) | RX Corrected: (-0.43475, -0.27271) | Error: ( 0.92842,  0.41329)
   Sample  500 | TX Ideal: (-0.53228, -0.05411) | RX Corrected: ( 0.43317,  0.50134) | Error: ( 0.96545,  0.55545)
   Sample 1000 | TX Ideal: ( 0.28018, -0.65729) | RX Corrected: (-0.13132,  0.00269) | Error: ( 0.41149,  0.65997)
   Sample 1500 | TX Ideal: (-0.45706, -0.03975) | RX Corrected: (-0.29657,  0.68347) | Error: ( 0.16049,  0.72322)
   Sample 2000 | TX Ideal: (-0.04398,  0.03518) | RX Corrected: ( 0.64838,  0.27805) | Error: ( 0.69236,  0.24287)
[TESTBENCH] Packet #9 Finished!
   - Checked Samples: 2048 (Expected 2048)
   - Max Real Error:  1.52358
   - Max Imag Error:  1.59994
   - Mean Squared Error (MSE): 0.66303
[WARNING] MSE is relatively high! Check NCO rotation direction or precision loss.
-----------------------------------------------------
[TESTBENCH] Captured Output for Packet #10
[TESTBENCH] Target Simulated CFO: 7.800000
   Sample    0 | TX Ideal: (-0.61565,  0.22254) | RX Corrected: (-0.22906,  0.63278) | Error: ( 0.38658,  0.41024)
   Sample    1 | TX Ideal: (-0.53455, -0.35190) | RX Corrected: (-0.39185,  0.24783) | Error: ( 0.14270,  0.59973)
   Sample    2 | TX Ideal: ( 0.61636,  0.63121) | RX Corrected: ( 0.01163, -0.02841) | Error: ( 0.60474,  0.65962)
   Sample    3 | TX Ideal: (-0.51981, -0.43578) | RX Corrected: ( 0.00613,  0.01746) | Error: ( 0.52594,  0.45324)
   Sample    4 | TX Ideal: ( 0.56626, -0.11468) | RX Corrected: (-0.00452,  0.00085) | Error: ( 0.57077,  0.11554)
   Sample    5 | TX Ideal: ( 0.34721,  0.39445) | RX Corrected: (-0.01447, -0.00925) | Error: ( 0.36168,  0.40370)
   Sample   10 | TX Ideal: (-0.47750, -0.56551) | RX Corrected: (-0.01639, -0.00317) | Error: ( 0.46111,  0.56234)
   Sample  500 | TX Ideal: (-0.02654,  0.55457) | RX Corrected: ( 0.00211,  0.00421) | Error: ( 0.02864,  0.55035)
   Sample 1000 | TX Ideal: (-0.37334,  0.15675) | RX Corrected: (-0.56033, -0.02673) | Error: ( 0.18700,  0.18348)
   Sample 1500 | TX Ideal: (-0.46833, -0.41626) | RX Corrected: ( 0.27615,  0.63712) | Error: ( 0.74448,  1.05338)
   Sample 2000 | TX Ideal: (-0.64336, -0.68223) | RX Corrected: (-0.05658,  0.07437) | Error: ( 0.58678,  0.75660)
[TESTBENCH] Packet #10 Finished!
   - Checked Samples: 2048 (Expected 2048)
   - Max Real Error:  1.48176
   - Max Imag Error:  1.52017
   - Mean Squared Error (MSE): 0.56956
[WARNING] MSE is relatively high! Check NCO rotation direction or precision loss.
=====================================================
[SUCCESS] Vitis Co-simulation finished successfully!
=====================================================
INFO [HLS SIM]: The maximum depth reached by any hls::stream() instance in the design is 32648
