==============================================================
Vitis HLS - High-Level Synthesis from C, C++ and OpenCL v2022.2 (64-bit)
Tool Version Limit: 2019.12
Copyright 1986-2022 Xilinx, Inc. All Rights Reserved.
==============================================================
INFO: [HLS 200-1505] Using default flow_target 'vivado'
INFO: [HLS 200-435] Setting 'open_solution -flow_target vivado' configuration: config_interface -m_axi_latency=0
INFO: [HLS 200-1510] Running: set_part xczu48dr-fsvg1517-2-e 
INFO: [HLS 200-1611] Setting target device to 'xczu48dr-fsvg1517-2-e'
INFO: [HLS 200-1510] Running: create_clock -period 10 -name default 
INFO: [SYN 201-201] Setting up clock 'default' with a period of 10ns.
INFO: [HLS 200-1510] Running: set_clock_uncertainty 1.25 default 
INFO: [SYN 201-201] Setting up clock 'default' with an uncertainty of 1.25ns.
INFO: [HLS 200-1510] Running: csim_design -O -clean 
INFO: [SIM 211-2] *************** CSIM start ***************
INFO: [SIM 211-4] CSIM will launch GCC as the compiler.
INFO: [SIM 211-1] CSim done with 0 errors.
INFO: [SIM 211-3] *************** CSIM finish ***************
INFO: [HLS 200-111] Finished Command csim_design CPU user time: 0 seconds. CPU system time: 0 seconds. Elapsed time: 3.383 seconds; current allocated memory: 0.566 MB.
INFO: [HLS 200-1510] Running: csynth_design 
INFO: [HLS 200-111] Finished File checks and directory preparation: CPU user time: 0 seconds. CPU system time: 0 seconds. Elapsed time: 0.008 seconds; current allocated memory: 675.070 MB.
INFO: [HLS 200-10] Analyzing design file 'C:/VitisProject/Vitis/OFDM/TX/Refer/reference_signal_tx_packed.cpp' ... 
INFO: [HLS 200-111] Finished Source Code Analysis and Preprocessing: CPU user time: 1 seconds. CPU system time: 0 seconds. Elapsed time: 2.803 seconds; current allocated memory: 678.281 MB.
INFO: [HLS 200-777] Using interface defaults for 'Vivado' flow target.
INFO: [HLS 214-131] Inlining function '_ZN8ssdm_intILi4ELb0EEC2EDq4_j' into 'ap_int_base<4, false>::ap_int_base(int)' (C:/Xilinx/Vitis_HLS/2022.2/common/technology/autopilot\ap_int_base.h:214:67)
INFO: [HLS 214-131] Inlining function 'ap_int_base<4, false>::ap_int_base(int)' into 'ap_uint<4>::ap_uint(int)'
INFO: [HLS 214-131] Inlining function '_ZN8ssdm_intILi1ELb0EEC2EDq1_j' into 'ap_int_base<1, false>::ap_int_base(int)' (C:/Xilinx/Vitis_HLS/2022.2/common/technology/autopilot\ap_int_base.h:214:67)
INFO: [HLS 214-131] Inlining function 'ap_int_base<1, false>::ap_int_base(int)' into 'ap_uint<1>::ap_uint(int)'
INFO: [HLS 214-131] Inlining function 'hls::axis<ap_uint<32>, 0ul, 0ul, 0ul>::get_user_ptr()' into 'hls::stream<hls::axis<ap_uint<32>, 0ul, 0ul, 0ul>, 0>::read()' (C:/Xilinx/Vitis_HLS/2022.2/common/technology/autopilot\ap_axi_sdata.h:247:50)
INFO: [HLS 214-131] Inlining function 'hls::axis<ap_uint<32>, 0ul, 0ul, 0ul>::get_dest_ptr()' into 'hls::stream<hls::axis<ap_uint<32>, 0ul, 0ul, 0ul>, 0>::read()' (C:/Xilinx/Vitis_HLS/2022.2/common/technology/autopilot\ap_axi_sdata.h:250:25)
INFO: [HLS 214-131] Inlining function 'hls::axis<ap_uint<32>, 0ul, 0ul, 0ul>::get_id_ptr()' into 'hls::stream<hls::axis<ap_uint<32>, 0ul, 0ul, 0ul>, 0>::read()' (C:/Xilinx/Vitis_HLS/2022.2/common/technology/autopilot\ap_axi_sdata.h:249:67)
INFO: [HLS 214-131] Inlining function 'hls::axis<ap_uint<32>, 0ul, 0ul, 0ul>::get_user_ptr()' into 'hls::stream<hls::axis<ap_uint<32>, 0ul, 0ul, 0ul>, 0>::read()' (C:/Xilinx/Vitis_HLS/2022.2/common/technology/autopilot\ap_axi_sdata.h:249:36)
INFO: [HLS 214-131] Inlining function 'hls::axis<ap_uint<32>, 0ul, 0ul, 0ul>::get_dest_ptr()' into 'hls::stream<hls::axis<ap_uint<32>, 0ul, 0ul, 0ul>, 0>::read()' (C:/Xilinx/Vitis_HLS/2022.2/common/technology/autopilot\ap_axi_sdata.h:248:39)
INFO: [HLS 214-131] Inlining function 'hls::axis<ap_uint<32>, 0ul, 0ul, 0ul>::get_id_ptr()' into 'hls::stream<hls::axis<ap_uint<32>, 0ul, 0ul, 0ul>, 0>::read()' (C:/Xilinx/Vitis_HLS/2022.2/common/technology/autopilot\ap_axi_sdata.h:248:23)
INFO: [HLS 214-131] Inlining function 'ap_range_ref<32, false>::ap_range_ref(ap_int_base<32, false>*, int, int)' into 'ap_int_base<32, false>::range(int, int)' (C:/Xilinx/Vitis_HLS/2022.2/common/technology/autopilot\ap_int_base.h:1048:12)
INFO: [HLS 214-131] Inlining function 'ap_int_base<32, false>::range(int, int)' into 'ap_int_base<32, false>::operator()(int, int)' (C:/Xilinx/Vitis_HLS/2022.2/common/technology/autopilot\ap_int_base.h:1085:18)
INFO: [HLS 214-131] Inlining function 'ap_range_ref<32, false>::to_uint64() const' into 'ap_range_ref<32, false>::operator unsigned long long() const' (C:/Xilinx/Vitis_HLS/2022.2/common/technology/autopilot\ap_int_ref.h:315:76)
INFO: [HLS 214-131] Inlining function 'ap_int_base<32, false>::operator()(int, int)' into 'unpack_complex(ap_uint<32>, half&, half&)' (C:/VitisProject/Vitis/OFDM/TX/Refer/ref_tx_defs.h:42:21)
INFO: [HLS 214-131] Inlining function 'ap_range_ref<32, false>::operator unsigned long long() const' into 'unpack_complex(ap_uint<32>, half&, half&)' (C:/VitisProject/Vitis/OFDM/TX/Refer/ref_tx_defs.h:43:21)
INFO: [HLS 214-131] Inlining function 'ap_int_base<32, false>::operator()(int, int)' into 'unpack_complex(ap_uint<32>, half&, half&)' (C:/VitisProject/Vitis/OFDM/TX/Refer/ref_tx_defs.h:43:21)
INFO: [HLS 214-131] Inlining function 'ap_range_ref<32, false>::operator unsigned long long() const' into 'unpack_complex(ap_uint<32>, half&, half&)' (C:/VitisProject/Vitis/OFDM/TX/Refer/ref_tx_defs.h:42:21)
INFO: [HLS 214-131] Inlining function 'ssdm_int<32, false>::ssdm_int(unsigned int)' into 'ap_int_base<32, false>::ap_int_base(unsigned int)' (C:\scratch\2022.2\hls_product\608\2022.2\src\shared\hls\clib/include/header_files\ap_int_base.h:215:76)
INFO: [HLS 214-131] Inlining function 'ap_int_base<32, false>::ap_int_base(unsigned int)' into 'ap_uint<32>::ap_uint(unsigned int)'
INFO: [HLS 214-131] Inlining function 'ap_bit_ref<32, false>::ap_bit_ref(ap_int_base<32, false>*, int)' into 'ap_int_base<32, false>::operator[](int)' (C:\scratch\2022.2\hls_product\608\2022.2\src\shared\hls\clib/include/header_files\ap_int_base.h:1129:30)
INFO: [HLS 214-131] Inlining function 'ap_bit_ref<1, false>::ap_bit_ref(ap_int_base<1, false>*, int)' into 'ap_int_base<1, false>::operator[](int)' (C:\scratch\2022.2\hls_product\608\2022.2\src\shared\hls\clib/include/header_files\ap_int_base.h:1129:30)
INFO: [HLS 214-131] Inlining function 'ap_bit_ref<32, false>::operator bool() const' into 'ap_bit_ref<1, false>& ap_bit_ref<1, false>::operator=<32, false>(ap_bit_ref<32, false> const&)' (C:\scratch\2022.2\hls_product\608\2022.2\src\shared\hls\clib/include/header_files\ap_int_ref.h:845:38)
INFO: [HLS 214-131] Inlining function 'ap_bit_ref<1, false>::operator=(unsigned long long)' into 'ap_bit_ref<1, false>& ap_bit_ref<1, false>::operator=<32, false>(ap_bit_ref<32, false> const&)' (C:\scratch\2022.2\hls_product\608\2022.2\src\shared\hls\clib/include/header_files\ap_int_ref.h:845:12)
INFO: [HLS 214-131] Inlining function 'ap_range_ref<8, false>::ap_range_ref(ap_int_base<8, false>*, int, int)' into 'ap_int_base<8, false>::range(int, int)' (C:\scratch\2022.2\hls_product\608\2022.2\src\shared\hls\clib/include/header_files\ap_int_base.h:1048:12)
INFO: [HLS 214-131] Inlining function 'ap_int_base<8, false>::range(int, int)' into 'ap_int_base<8, false>::operator()(int, int)' (C:\scratch\2022.2\hls_product\608\2022.2\src\shared\hls\clib/include/header_files\ap_int_base.h:1085:18)
INFO: [HLS 214-131] Inlining function 'ap_range_ref<32, false>::get() const' into 'ap_int_base<32, false>::ap_int_base<32, false>(ap_range_ref<32, false> const&)' (C:\scratch\2022.2\hls_product\608\2022.2\src\shared\hls\clib/include/header_files\ap_int_base.h:358:20)
INFO: [HLS 214-131] Inlining function 'ssdm_int<8, false>::ssdm_int(unsigned char)' into 'ap_int_base<8, false>::ap_int_base<32, false>(ap_int_base<32, false> const&)' (C:\scratch\2022.2\hls_product\608\2022.2\src\shared\hls\clib/include/header_files\ap_int_base.h:185:106)
INFO: [HLS 214-131] Inlining function 'ap_int_base<8, false>::ap_int_base<32, false>(ap_int_base<32, false> const&)' into 'ap_range_ref<8, false>& ap_range_ref<8, false>::operator=<32, false>(ap_int_base<32, false> const&)' (C:\scratch\2022.2\hls_product\608\2022.2\src\shared\hls\clib/include/header_files\ap_int_ref.h:367:31)
INFO: [HLS 214-131] Inlining function 'ap_int_base<32, false>::ap_int_base<32, false>(ap_range_ref<32, false> const&)' into 'ap_range_ref<8, false>& ap_range_ref<8, false>::operator=<32, false>(ap_range_ref<32, false> const&)' (C:\scratch\2022.2\hls_product\608\2022.2\src\shared\hls\clib/include/header_files\ap_int_ref.h:382:22)
INFO: [HLS 214-131] Inlining function 'ap_range_ref<8, false>& ap_range_ref<8, false>::operator=<32, false>(ap_int_base<32, false> const&)' into 'ap_range_ref<8, false>& ap_range_ref<8, false>::operator=<32, false>(ap_range_ref<32, false> const&)' (C:\scratch\2022.2\hls_product\608\2022.2\src\shared\hls\clib/include/header_files\ap_int_ref.h:382:12)
INFO: [HLS 214-131] Inlining function 'ap_range_ref<23, false>::ap_range_ref(ap_int_base<23, false>*, int, int)' into 'ap_int_base<23, false>::range(int, int)' (C:\scratch\2022.2\hls_product\608\2022.2\src\shared\hls\clib/include/header_files\ap_int_base.h:1048:12)
INFO: [HLS 214-131] Inlining function 'ap_int_base<23, false>::range(int, int)' into 'ap_int_base<23, false>::operator()(int, int)' (C:\scratch\2022.2\hls_product\608\2022.2\src\shared\hls\clib/include/header_files\ap_int_base.h:1085:18)
INFO: [HLS 214-131] Inlining function '_ZN8ssdm_intILi23ELb0EEC2EDq23_j' into 'ap_int_base<23, false>::ap_int_base<32, false>(ap_int_base<32, false> const&)' (C:\scratch\2022.2\hls_product\608\2022.2\src\shared\hls\clib/include/header_files\ap_int_base.h:185:106)
INFO: [HLS 214-131] Inlining function 'ap_int_base<23, false>::ap_int_base<32, false>(ap_int_base<32, false> const&)' into 'ap_range_ref<23, false>& ap_range_ref<23, false>::operator=<32, false>(ap_int_base<32, false> const&)' (C:\scratch\2022.2\hls_product\608\2022.2\src\shared\hls\clib/include/header_files\ap_int_ref.h:367:31)
INFO: [HLS 214-131] Inlining function 'ap_int_base<32, false>::ap_int_base<32, false>(ap_range_ref<32, false> const&)' into 'ap_range_ref<23, false>& ap_range_ref<23, false>::operator=<32, false>(ap_range_ref<32, false> const&)' (C:\scratch\2022.2\hls_product\608\2022.2\src\shared\hls\clib/include/header_files\ap_int_ref.h:382:22)
INFO: [HLS 214-131] Inlining function 'ap_range_ref<23, false>& ap_range_ref<23, false>::operator=<32, false>(ap_int_base<32, false> const&)' into 'ap_range_ref<23, false>& ap_range_ref<23, false>::operator=<32, false>(ap_range_ref<32, false> const&)' (C:\scratch\2022.2\hls_product\608\2022.2\src\shared\hls\clib/include/header_files\ap_int_ref.h:382:12)
INFO: [HLS 214-131] Inlining function 'ap_range_ref<23, false>& ap_range_ref<23, false>::operator=<32, false>(ap_range_ref<32, false> const&)' into 'fp_struct<float>::fp_struct(float)' (C:\scratch\2022.2\hls_product\608\2022.2\src\shared\hls\clib/src/hls\utils/x_hls_utils.h:325:18)
INFO: [HLS 214-131] Inlining function 'ap_int_base<23, false>::operator()(int, int)' into 'fp_struct<float>::fp_struct(float)' (C:\scratch\2022.2\hls_product\608\2022.2\src\shared\hls\clib/src/hls\utils/x_hls_utils.h:325:9)
INFO: [HLS 214-131] Inlining function 'ap_int_base<32, false>::operator()(int, int)' into 'fp_struct<float>::fp_struct(float)' (C:\scratch\2022.2\hls_product\608\2022.2\src\shared\hls\clib/src/hls\utils/x_hls_utils.h:325:20)
INFO: [HLS 214-131] Inlining function 'ap_range_ref<8, false>& ap_range_ref<8, false>::operator=<32, false>(ap_range_ref<32, false> const&)' into 'fp_struct<float>::fp_struct(float)' (C:\scratch\2022.2\hls_product\608\2022.2\src\shared\hls\clib/src/hls\utils/x_hls_utils.h:324:17)
INFO: [HLS 214-131] Inlining function 'ap_int_base<8, false>::operator()(int, int)' into 'fp_struct<float>::fp_struct(float)' (C:\scratch\2022.2\hls_product\608\2022.2\src\shared\hls\clib/src/hls\utils/x_hls_utils.h:324:9)
INFO: [HLS 214-131] Inlining function 'ap_int_base<32, false>::operator()(int, int)' into 'fp_struct<float>::fp_struct(float)' (C:\scratch\2022.2\hls_product\608\2022.2\src\shared\hls\clib/src/hls\utils/x_hls_utils.h:324:19)
INFO: [HLS 214-131] Inlining function 'ap_bit_ref<1, false>& ap_bit_ref<1, false>::operator=<32, false>(ap_bit_ref<32, false> const&)' into 'fp_struct<float>::fp_struct(float)' (C:\scratch\2022.2\hls_product\608\2022.2\src\shared\hls\clib/src/hls\utils/x_hls_utils.h:323:17)
INFO: [HLS 214-131] Inlining function 'ap_int_base<1, false>::operator[](int)' into 'fp_struct<float>::fp_struct(float)' (C:\scratch\2022.2\hls_product\608\2022.2\src\shared\hls\clib/src/hls\utils/x_hls_utils.h:323:9)
INFO: [HLS 214-131] Inlining function 'ap_int_base<32, false>::operator[](int)' into 'fp_struct<float>::fp_struct(float)' (C:\scratch\2022.2\hls_product\608\2022.2\src\shared\hls\clib/src/hls\utils/x_hls_utils.h:323:19)
INFO: [HLS 214-131] Inlining function 'ap_fixed_base<32, 32, true, (ap_q_mode)5, (ap_o_mode)3, 0>::operator!() const' into 'ap_fixed_base<24, 1, false, (ap_q_mode)5, (ap_o_mode)3, 0>& ap_fixed_base<24, 1, false, (ap_q_mode)5, (ap_o_mode)3, 0>::operator=<32, 32, true, (ap_q_mode)5, (ap_o_mode)3, 0>(ap_fixed_base<32, 32, true, (ap_q_mode)5, (ap_o_mode)3, 0> const&)' (C:\scratch\2022.2\hls_product\608\2022.2\src\shared\hls\clib/include/header_files\ap_fixed_base.h:808:9)
INFO: [HLS 214-131] Inlining function 'ap_fixed_base<24, 1, false, (ap_q_mode)5, (ap_o_mode)3, 0>& ap_fixed_base<24, 1, false, (ap_q_mode)5, (ap_o_mode)3, 0>::operator=<32, 32, true, (ap_q_mode)5, (ap_o_mode)3, 0>(ap_fixed_base<32, 32, true, (ap_q_mode)5, (ap_o_mode)3, 0> const&)' into 'ap_fixed_base<24, 1, false, (ap_q_mode)5, (ap_o_mode)3, 0>::ap_fixed_base(int)' (C:\scratch\2022.2\hls_product\608\2022.2\src\shared\hls\clib/include/header_files\ap_fixed_base.h:530:146)
INFO: [HLS 214-131] Inlining function 'ap_fixed_base<24, 1, false, (ap_q_mode)5, (ap_o_mode)3, 0>::ap_fixed_base(int)' into 'ap_ufixed<24, 1, (ap_q_mode)5, (ap_o_mode)3, 0>::ap_ufixed(int)'
INFO: [HLS 214-131] Inlining function 'ap_range_ref<23, false>::ap_range_ref(ap_int_base<23, false>*, int, int)' into 'ap_int_base<23, false>::range(int, int) const' (C:\scratch\2022.2\hls_product\608\2022.2\src\shared\hls\clib/include/header_files\ap_int_base.h:1055:12)
INFO: [HLS 214-131] Inlining function 'ap_int_base<23, false>::range(int, int) const' into 'ap_int_base<23, false>::operator()(int, int) const' (C:\scratch\2022.2\hls_product\608\2022.2\src\shared\hls\clib/include/header_files\ap_int_base.h:1089:18)
INFO: [HLS 214-131] Inlining function 'af_range_ref<24, 1, false, (ap_q_mode)5, (ap_o_mode)3, 0>::af_range_ref(ap_fixed_base<24, 1, false, (ap_q_mode)5, (ap_o_mode)3, 0>*, int, int)' into 'ap_fixed_base<24, 1, false, (ap_q_mode)5, (ap_o_mode)3, 0>::range(int, int)' (C:\scratch\2022.2\hls_product\608\2022.2\src\shared\hls\clib/include/header_files\ap_fixed_base.h:1746:12)
INFO: [HLS 214-131] Inlining function 'ap_fixed_base<24, 1, false, (ap_q_mode)5, (ap_o_mode)3, 0>::range(int, int)' into 'ap_fixed_base<24, 1, false, (ap_q_mode)5, (ap_o_mode)3, 0>::operator()(int, int)' (C:\scratch\2022.2\hls_product\608\2022.2\src\shared\hls\clib/include/header_files\ap_fixed_base.h:1785:18)
INFO: [HLS 214-131] Inlining function 'ap_range_ref<23, false>::get() const' into 'ap_int_base<23, false>::ap_int_base<23, false>(ap_range_ref<23, false> const&)' (C:\scratch\2022.2\hls_product\608\2022.2\src\shared\hls\clib/include/header_files\ap_int_base.h:358:20)
INFO: [HLS 214-131] Inlining function 'ap_int_base<23, false>::ap_int_base<23, false>(ap_range_ref<23, false> const&)' into 'af_range_ref<24, 1, false, (ap_q_mode)5, (ap_o_mode)3, 0>& af_range_ref<24, 1, false, (ap_q_mode)5, (ap_o_mode)3, 0>::operator=<23, false>(ap_range_ref<23, false> const&)' (C:\scratch\2022.2\hls_product\608\2022.2\src\shared\hls\clib/include/header_files\ap_fixed_ref.h:301:38)
INFO: [HLS 214-131] Inlining function 'af_range_ref<24, 1, false, (ap_q_mode)5, (ap_o_mode)3, 0>& af_range_ref<24, 1, false, (ap_q_mode)5, (ap_o_mode)3, 0>::operator=<23, false>(ap_int_base<23, false> const&)' into 'af_range_ref<24, 1, false, (ap_q_mode)5, (ap_o_mode)3, 0>& af_range_ref<24, 1, false, (ap_q_mode)5, (ap_o_mode)3, 0>::operator=<23, false>(ap_range_ref<23, false> const&)' (C:\scratch\2022.2\hls_product\608\2022.2\src\shared\hls\clib/include/header_files\ap_fixed_ref.h:302:12)
INFO: [HLS 214-131] Inlining function 'af_bit_ref<24, 1, false, (ap_q_mode)5, (ap_o_mode)3, 0>::af_bit_ref(ap_fixed_base<24, 1, false, (ap_q_mode)5, (ap_o_mode)3, 0>*, int)' into 'ap_fixed_base<24, 1, false, (ap_q_mode)5, (ap_o_mode)3, 0>::operator[](unsigned int)' (C:\scratch\2022.2\hls_product\608\2022.2\src\shared\hls\clib/include/header_files\ap_fixed_base.h:1671:12)
INFO: [HLS 214-131] Inlining function 'af_bit_ref<24, 1, false, (ap_q_mode)5, (ap_o_mode)3, 0>::operator=(bool)' into 'fp_struct<float>::mantissa() const' (C:\scratch\2022.2\hls_product\608\2022.2\src\shared\hls\clib/src/hls\utils/x_hls_utils.h:372:21)
INFO: [HLS 214-131] Inlining function 'ap_fixed_base<24, 1, false, (ap_q_mode)5, (ap_o_mode)3, 0>::operator[](unsigned int)' into 'fp_struct<float>::mantissa() const' (C:\scratch\2022.2\hls_product\608\2022.2\src\shared\hls\clib/src/hls\utils/x_hls_utils.h:372:9)
INFO: [HLS 214-131] Inlining function 'ap_fixed_base<24, 1, false, (ap_q_mode)5, (ap_o_mode)3, 0>::wl() const' into 'fp_struct<float>::mantissa() const' (C:\scratch\2022.2\hls_product\608\2022.2\src\shared\hls\clib/src/hls\utils/x_hls_utils.h:372:13)
INFO: [HLS 214-131] Inlining function 'af_range_ref<24, 1, false, (ap_q_mode)5, (ap_o_mode)3, 0>& af_range_ref<24, 1, false, (ap_q_mode)5, (ap_o_mode)3, 0>::operator=<23, false>(ap_range_ref<23, false> const&)' into 'fp_struct<float>::mantissa() const' (C:\scratch\2022.2\hls_product\608\2022.2\src\shared\hls\clib/src/hls\utils/x_hls_utils.h:371:23)
INFO: [HLS 214-131] Inlining function 'ap_fixed_base<24, 1, false, (ap_q_mode)5, (ap_o_mode)3, 0>::operator()(int, int)' into 'fp_struct<float>::mantissa() const' (C:\scratch\2022.2\hls_product\608\2022.2\src\shared\hls\clib/src/hls\utils/x_hls_utils.h:371:9)
INFO: [HLS 214-131] Inlining function 'ap_fixed_base<24, 1, false, (ap_q_mode)5, (ap_o_mode)3, 0>::wl() const' into 'fp_struct<float>::mantissa() const' (C:\scratch\2022.2\hls_product\608\2022.2\src\shared\hls\clib/src/hls\utils/x_hls_utils.h:371:13)
INFO: [HLS 214-131] Inlining function 'ap_int_base<23, false>::operator()(int, int) const' into 'fp_struct<float>::mantissa() const' (C:\scratch\2022.2\hls_product\608\2022.2\src\shared\hls\clib/src/hls\utils/x_hls_utils.h:371:25)
INFO: [HLS 214-131] Inlining function 'ap_fixed_base<24, 1, false, (ap_q_mode)5, (ap_o_mode)3, 0>::operator!() const' into 'ap_fixed_base<63, 39, false, (ap_q_mode)5, (ap_o_mode)3, 0>& ap_fixed_base<63, 39, false, (ap_q_mode)5, (ap_o_mode)3, 0>::operator=<24, 1, false, (ap_q_mode)5, (ap_o_mode)3, 0>(ap_fixed_base<24, 1, false, (ap_q_mode)5, (ap_o_mode)3, 0> const&)' (C:\scratch\2022.2\hls_product\608\2022.2\src\shared\hls\clib/include/header_files\ap_fixed_base.h:808:9)
INFO: [HLS 214-131] Inlining function '_ZN8ssdm_intILi63ELb0EEC2EDq63_j' into 'ap_fixed_base<63, 39, false, (ap_q_mode)5, (ap_o_mode)3, 0>::ap_fixed_base<24, 1, false, (ap_q_mode)5, (ap_o_mode)3, 0>(ap_fixed_base<24, 1, false, (ap_q_mode)5, (ap_o_mode)3, 0> const&)' (C:\scratch\2022.2\hls_product\608\2022.2\src\shared\hls\clib/include/header_files\ap_fixed_base.h:401:80)
INFO: [HLS 214-131] Inlining function 'ap_fixed_base<63, 39, false, (ap_q_mode)5, (ap_o_mode)3, 0>& ap_fixed_base<63, 39, false, (ap_q_mode)5, (ap_o_mode)3, 0>::operator=<24, 1, false, (ap_q_mode)5, (ap_o_mode)3, 0>(ap_fixed_base<24, 1, false, (ap_q_mode)5, (ap_o_mode)3, 0> const&)' into 'ap_fixed_base<63, 39, false, (ap_q_mode)5, (ap_o_mode)3, 0>::ap_fixed_base<24, 1, false, (ap_q_mode)5, (ap_o_mode)3, 0>(ap_fixed_base<24, 1, false, (ap_q_mode)5, (ap_o_mode)3, 0> const&)' (C:\scratch\2022.2\hls_product\608\2022.2\src\shared\hls\clib/include/header_files\ap_fixed_base.h:403:5)
INFO: [HLS 214-131] Inlining function 'ap_fixed_base<63, 39, false, (ap_q_mode)5, (ap_o_mode)3, 0>::ap_fixed_base<24, 1, false, (ap_q_mode)5, (ap_o_mode)3, 0>(ap_fixed_base<24, 1, false, (ap_q_mode)5, (ap_o_mode)3, 0> const&)' into 'ap_ufixed<63, 39, (ap_q_mode)5, (ap_o_mode)3, 0>::ap_ufixed<24, 1, false, (ap_q_mode)5, (ap_o_mode)3, 0>(ap_fixed_base<24, 1, false, (ap_q_mode)5, (ap_o_mode)3, 0> const&)'
INFO: [HLS 214-131] Inlining function 'ssdm_int<32, true>::ssdm_int(int)' into 'ap_int_base<32, true>::ap_int_base(int)' (C:\scratch\2022.2\hls_product\608\2022.2\src\shared\hls\clib/include/header_files\ap_int_base.h:214:67)
INFO: [HLS 214-131] Inlining function '_ZN8ssdm_intILi33ELb1EEC2EDq33_i' into 'ap_int_base<33, true>::ap_int_base<8, false>(ap_int_base<8, false> const&)' (C:\scratch\2022.2\hls_product\608\2022.2\src\shared\hls\clib/include/header_files\ap_int_base.h:185:106)
INFO: [HLS 214-131] Inlining function '_ZN8ssdm_intILi33ELb1EEC2EDq33_i' into 'ap_int_base<33, true>::ap_int_base<32, true>(ap_int_base<32, true> const&)' (C:\scratch\2022.2\hls_product\608\2022.2\src\shared\hls\clib/include/header_files\ap_int_base.h:185:106)
INFO: [HLS 214-131] Inlining function '_ZN8ssdm_intILi33ELb1EEC2EDq33_i' into 'ap_int_base<33, true>::ap_int_base(int)' (C:\scratch\2022.2\hls_product\608\2022.2\src\shared\hls\clib/include/header_files\ap_int_base.h:214:67)
INFO: [HLS 214-131] Inlining function 'ap_int_base<33, true>::ap_int_base<8, false>(ap_int_base<8, false> const&)' into 'ap_int_base<8, false>::RType<32, true>::minus operator-<8, false, 32, true>(ap_int_base<8, false> const&, ap_int_base<32, true> const&)' (C:\scratch\2022.2\hls_product\608\2022.2\src\shared\hls\clib/include/header_files\ap_int_base.h:1496:341)
INFO: [HLS 214-131] Inlining function 'ap_int_base<33, true>::ap_int_base(int)' into 'ap_int_base<8, false>::RType<32, true>::minus operator-<8, false, 32, true>(ap_int_base<8, false> const&, ap_int_base<32, true> const&)' (C:\scratch\2022.2\hls_product\608\2022.2\src\shared\hls\clib/include/header_files\ap_int_base.h:1496:520)
INFO: [HLS 214-131] Inlining function 'ap_int_base<33, true>::ap_int_base<32, true>(ap_int_base<32, true> const&)' into 'ap_int_base<8, false>::RType<32, true>::minus operator-<8, false, 32, true>(ap_int_base<8, false> const&, ap_int_base<32, true> const&)' (C:\scratch\2022.2\hls_product\608\2022.2\src\shared\hls\clib/include/header_files\ap_int_base.h:1496:430)
INFO: [HLS 214-131] Inlining function 'ap_int_base<32, true>::ap_int_base(int)' into 'ap_int_base<8, false>::RType<($_0)32, true>::minus operator-<8, false>(ap_int_base<8, false> const&, int)' (C:\scratch\2022.2\hls_product\608\2022.2\src\shared\hls\clib/include/header_files\ap_int_base.h:1633:1531)
INFO: [HLS 214-131] Inlining function 'ap_int_base<8, false>::RType<32, true>::minus operator-<8, false, 32, true>(ap_int_base<8, false> const&, ap_int_base<32, true> const&)' into 'ap_int_base<8, false>::RType<($_0)32, true>::minus operator-<8, false>(ap_int_base<8, false> const&, int)' (C:\scratch\2022.2\hls_product\608\2022.2\src\shared\hls\clib/include/header_files\ap_int_base.h:1633:1529)
INFO: [HLS 214-131] Inlining function 'ap_int_base<8, false>::RType<($_0)32, true>::minus operator-<8, false>(ap_int_base<8, false> const&, int)' into 'fp_struct<float>::expv() const' (C:\scratch\2022.2\hls_product\608\2022.2\src\shared\hls\clib/src/hls\utils/x_hls_utils.h:346:19)
INFO: [HLS 214-131] Inlining function 'ap_int_base<33, true>::operator long long() const' into 'fp_struct<float>::expv() const' (C:\scratch\2022.2\hls_product\608\2022.2\src\shared\hls\clib/src/hls\utils/x_hls_utils.h:346:16)
INFO: [HLS 214-131] Inlining function 'ap_fixed_base<32, 32, true, (ap_q_mode)5, (ap_o_mode)3, 0>::operator!() const' into 'ap_fixed_base<63, 39, false, (ap_q_mode)5, (ap_o_mode)3, 0>& ap_fixed_base<63, 39, false, (ap_q_mode)5, (ap_o_mode)3, 0>::operator=<32, 32, true, (ap_q_mode)5, (ap_o_mode)3, 0>(ap_fixed_base<32, 32, true, (ap_q_mode)5, (ap_o_mode)3, 0> const&)' (C:\scratch\2022.2\hls_product\608\2022.2\src\shared\hls\clib/include/header_files\ap_fixed_base.h:808:9)
INFO: [HLS 214-131] Inlining function 'ap_fixed_base<63, 39, false, (ap_q_mode)5, (ap_o_mode)3, 0>& ap_fixed_base<63, 39, false, (ap_q_mode)5, (ap_o_mode)3, 0>::operator=<32, 32, true, (ap_q_mode)5, (ap_o_mode)3, 0>(ap_fixed_base<32, 32, true, (ap_q_mode)5, (ap_o_mode)3, 0> const&)' into 'ap_fixed_base<63, 39, false, (ap_q_mode)5, (ap_o_mode)3, 0>::ap_fixed_base(int)' (C:\scratch\2022.2\hls_product\608\2022.2\src\shared\hls\clib/include/header_files\ap_fixed_base.h:530:146)
INFO: [HLS 214-131] Inlining function 'ap_fixed_base<63, 39, false, (ap_q_mode)5, (ap_o_mode)3, 0>::ap_fixed_base(int)' into 'ap_fixed_base<63, 39, false, (ap_q_mode)5, (ap_o_mode)3, 0>::operator>>(unsigned int) const' (C:\scratch\2022.2\hls_product\608\2022.2\src\shared\hls\clib/include/header_files\ap_fixed_base.h:1487:19)
INFO: [HLS 214-131] Inlining function 'ap_fixed_base<63, 39, false, (ap_q_mode)5, (ap_o_mode)3, 0>::ap_fixed_base(int)' into 'ap_fixed_base<63, 39, false, (ap_q_mode)5, (ap_o_mode)3, 0>::operator<<(unsigned int) const' (C:\scratch\2022.2\hls_product\608\2022.2\src\shared\hls\clib/include/header_files\ap_fixed_base.h:1453:19)
INFO: [HLS 214-131] Inlining function 'ap_fixed_base<63, 39, false, (ap_q_mode)5, (ap_o_mode)3, 0>::ap_fixed_base(int)' into 'ap_fixed_base<63, 39, false, (ap_q_mode)5, (ap_o_mode)3, 0>::operator<<(int) const' (C:\scratch\2022.2\hls_product\608\2022.2\src\shared\hls\clib/include/header_files\ap_fixed_base.h:1510:19)
INFO: [HLS 214-131] Inlining function 'ap_fixed_base<63, 39, false, (ap_q_mode)5, (ap_o_mode)3, 0>::operator<<(unsigned int) const' into 'ap_fixed_base<63, 39, false, (ap_q_mode)5, (ap_o_mode)3, 0>::operator<<(int) const' (C:\scratch\2022.2\hls_product\608\2022.2\src\shared\hls\clib/include/header_files\ap_fixed_base.h:1516:14)
INFO: [HLS 214-131] Inlining function 'ap_fixed_base<63, 39, false, (ap_q_mode)5, (ap_o_mode)3, 0>::operator>>(unsigned int) const' into 'ap_fixed_base<63, 39, false, (ap_q_mode)5, (ap_o_mode)3, 0>::operator<<(int) const' (C:\scratch\2022.2\hls_product\608\2022.2\src\shared\hls\clib/include/header_files\ap_fixed_base.h:1514:14)
INFO: [HLS 214-131] Inlining function '_ZN8ssdm_intILi63ELb0EEC2EDq63_j' into 'ap_int_base<63, false>::ap_int_base(int)' (C:\scratch\2022.2\hls_product\608\2022.2\src\shared\hls\clib/include/header_files\ap_int_base.h:214:67)
INFO: [HLS 214-131] Inlining function 'ap_int_base<63, false>::ap_int_base(int)' into 'ap_int_base<63, false>::RType<63, false>::arg1 operator>><63, false>(ap_int_base<63, false> const&, int)' (C:\scratch\2022.2\hls_product\608\2022.2\src\shared\hls\clib/include/header_files\ap_int_base.h:1669:558)
INFO: [HLS 214-131] Inlining function 'ap_int_base<1, false>::ap_int_base(int)' into 'ap_fixed_base<1, 16, false, (ap_q_mode)5, (ap_o_mode)0, 0>::overflow_adjust(bool, bool, bool, bool)' (C:\scratch\2022.2\hls_product\608\2022.2\src\shared\hls\clib/include/header_files\ap_fixed_base.h:357:23)
INFO: [HLS 214-131] Inlining function 'ap_fixed_base<63, 39, false, (ap_q_mode)5, (ap_o_mode)3, 0>::operator!() const' into 'ap_fixed_base<1, 16, false, (ap_q_mode)5, (ap_o_mode)0, 0>& ap_fixed_base<1, 16, false, (ap_q_mode)5, (ap_o_mode)0, 0>::operator=<63, 39, false, (ap_q_mode)5, (ap_o_mode)3, 0>(ap_fixed_base<63, 39, false, (ap_q_mode)5, (ap_o_mode)3, 0> const&)' (C:\scratch\2022.2\hls_product\608\2022.2\src\shared\hls\clib/include/header_files\ap_fixed_base.h:808:9)
INFO: [HLS 214-131] Inlining function 'ap_fixed_base<1, 16, false, (ap_q_mode)5, (ap_o_mode)0, 0>::overflow_adjust(bool, bool, bool, bool)' into 'ap_fixed_base<1, 16, false, (ap_q_mode)5, (ap_o_mode)0, 0>& ap_fixed_base<1, 16, false, (ap_q_mode)5, (ap_o_mode)0, 0>::operator=<63, 39, false, (ap_q_mode)5, (ap_o_mode)3, 0>(ap_fixed_base<63, 39, false, (ap_q_mode)5, (ap_o_mode)3, 0> const&)' (C:\scratch\2022.2\hls_product\608\2022.2\src\shared\hls\clib/include/header_files\ap_fixed_base.h:903:7)
INFO: [HLS 214-131] Inlining function 'bool ap_int_base<63, false>::operator==<63, false>(ap_int_base<63, false> const&) const' into 'ap_fixed_base<1, 16, false, (ap_q_mode)5, (ap_o_mode)0, 0>& ap_fixed_base<1, 16, false, (ap_q_mode)5, (ap_o_mode)0, 0>::operator=<63, 39, false, (ap_q_mode)5, (ap_o_mode)3, 0>(ap_fixed_base<63, 39, false, (ap_q_mode)5, (ap_o_mode)3, 0> const&)' (C:\scratch\2022.2\hls_product\608\2022.2\src\shared\hls\clib/include/header_files\ap_fixed_base.h:877:36)
INFO: [HLS 214-131] Inlining function 'ap_int_base<63, false>::RType<63, false>::arg1 operator>><63, false>(ap_int_base<63, false> const&, int)' into 'ap_fixed_base<1, 16, false, (ap_q_mode)5, (ap_o_mode)0, 0>& ap_fixed_base<1, 16, false, (ap_q_mode)5, (ap_o_mode)0, 0>::operator=<63, 39, false, (ap_q_mode)5, (ap_o_mode)3, 0>(ap_fixed_base<63, 39, false, (ap_q_mode)5, (ap_o_mode)3, 0> const&)' (C:\scratch\2022.2\hls_product\608\2022.2\src\shared\hls\clib/include/header_files\ap_fixed_base.h:877:49)
INFO: [HLS 214-131] Inlining function 'ap_int_base<63, false>::ap_int_base(int)' into 'ap_fixed_base<1, 16, false, (ap_q_mode)5, (ap_o_mode)0, 0>& ap_fixed_base<1, 16, false, (ap_q_mode)5, (ap_o_mode)0, 0>::operator=<63, 39, false, (ap_q_mode)5, (ap_o_mode)3, 0>(ap_fixed_base<63, 39, false, (ap_q_mode)5, (ap_o_mode)3, 0> const&)' (C:\scratch\2022.2\hls_product\608\2022.2\src\shared\hls\clib/include/header_files\ap_fixed_base.h:875:38)
INFO: [HLS 214-131] Inlining function 'bool ap_int_base<63, false>::operator==<63, false>(ap_int_base<63, false> const&) const' into 'ap_fixed_base<1, 16, false, (ap_q_mode)5, (ap_o_mode)0, 0>& ap_fixed_base<1, 16, false, (ap_q_mode)5, (ap_o_mode)0, 0>::operator=<63, 39, false, (ap_q_mode)5, (ap_o_mode)3, 0>(ap_fixed_base<63, 39, false, (ap_q_mode)5, (ap_o_mode)3, 0> const&)' (C:\scratch\2022.2\hls_product\608\2022.2\src\shared\hls\clib/include/header_files\ap_fixed_base.h:869:36)
INFO: [HLS 214-131] Inlining function 'ap_int_base<63, false>::RType<63, false>::arg1 operator>><63, false>(ap_int_base<63, false> const&, int)' into 'ap_fixed_base<1, 16, false, (ap_q_mode)5, (ap_o_mode)0, 0>& ap_fixed_base<1, 16, false, (ap_q_mode)5, (ap_o_mode)0, 0>::operator=<63, 39, false, (ap_q_mode)5, (ap_o_mode)3, 0>(ap_fixed_base<63, 39, false, (ap_q_mode)5, (ap_o_mode)3, 0> const&)' (C:\scratch\2022.2\hls_product\608\2022.2\src\shared\hls\clib/include/header_files\ap_fixed_base.h:869:49)
INFO: [HLS 214-131] Inlining function 'ap_int_base<63, false>::ap_int_base(int)' into 'ap_fixed_base<1, 16, false, (ap_q_mode)5, (ap_o_mode)0, 0>& ap_fixed_base<1, 16, false, (ap_q_mode)5, (ap_o_mode)0, 0>::operator=<63, 39, false, (ap_q_mode)5, (ap_o_mode)3, 0>(ap_fixed_base<63, 39, false, (ap_q_mode)5, (ap_o_mode)3, 0> const&)' (C:\scratch\2022.2\hls_product\608\2022.2\src\shared\hls\clib/include/header_files\ap_fixed_base.h:867:38)
INFO: [HLS 214-131] Inlining function 'ap_int_base<63, false>::ap_int_base(int)' into 'ap_fixed_base<1, 16, false, (ap_q_mode)5, (ap_o_mode)0, 0>& ap_fixed_base<1, 16, false, (ap_q_mode)5, (ap_o_mode)0, 0>::operator=<63, 39, false, (ap_q_mode)5, (ap_o_mode)3, 0>(ap_fixed_base<63, 39, false, (ap_q_mode)5, (ap_o_mode)3, 0> const&)' (C:\scratch\2022.2\hls_product\608\2022.2\src\shared\hls\clib/include/header_files\ap_fixed_base.h:864:36)
INFO: [HLS 214-131] Inlining function '_ZN8ssdm_intILi1ELb0EEC2EDq1_j' into 'ap_fixed_base<1, 16, false, (ap_q_mode)5, (ap_o_mode)0, 0>::ap_fixed_base<63, 39, false, (ap_q_mode)5, (ap_o_mode)3, 0>(ap_fixed_base<63, 39, false, (ap_q_mode)5, (ap_o_mode)3, 0> const&)' (C:\scratch\2022.2\hls_product\608\2022.2\src\shared\hls\clib/include/header_files\ap_fixed_base.h:401:80)
INFO: [HLS 214-131] Inlining function 'ap_fixed_base<1, 16, false, (ap_q_mode)5, (ap_o_mode)0, 0>& ap_fixed_base<1, 16, false, (ap_q_mode)5, (ap_o_mode)0, 0>::operator=<63, 39, false, (ap_q_mode)5, (ap_o_mode)3, 0>(ap_fixed_base<63, 39, false, (ap_q_mode)5, (ap_o_mode)3, 0> const&)' into 'ap_fixed_base<1, 16, false, (ap_q_mode)5, (ap_o_mode)0, 0>::ap_fixed_base<63, 39, false, (ap_q_mode)5, (ap_o_mode)3, 0>(ap_fixed_base<63, 39, false, (ap_q_mode)5, (ap_o_mode)3, 0> const&)' (C:\scratch\2022.2\hls_product\608\2022.2\src\shared\hls\clib/include/header_files\ap_fixed_base.h:403:5)
INFO: [HLS 214-131] Inlining function 'ap_fixed_base<1, 16, false, (ap_q_mode)5, (ap_o_mode)0, 0>::ap_fixed_base<63, 39, false, (ap_q_mode)5, (ap_o_mode)3, 0>(ap_fixed_base<63, 39, false, (ap_q_mode)5, (ap_o_mode)3, 0> const&)' into 'ap_ufixed<1, 16, (ap_q_mode)5, (ap_o_mode)0, 0>::ap_ufixed<63, 39, false, (ap_q_mode)5, (ap_o_mode)3, 0>(ap_fixed_base<63, 39, false, (ap_q_mode)5, (ap_o_mode)3, 0> const&)'
INFO: [HLS 214-131] Inlining function 'ap_fixed_base<63, 39, false, (ap_q_mode)5, (ap_o_mode)3, 0>::operator!() const' into 'ap_fixed_base<16, 16, false, (ap_q_mode)6, (ap_o_mode)3, 0>& ap_fixed_base<16, 16, false, (ap_q_mode)6, (ap_o_mode)3, 0>::operator=<63, 39, false, (ap_q_mode)5, (ap_o_mode)3, 0>(ap_fixed_base<63, 39, false, (ap_q_mode)5, (ap_o_mode)3, 0> const&)' (C:\scratch\2022.2\hls_product\608\2022.2\src\shared\hls\clib/include/header_files\ap_fixed_base.h:808:9)
INFO: [HLS 214-131] Inlining function 'ssdm_int<16, false>::ssdm_int(unsigned short)' into 'ap_fixed_base<16, 16, false, (ap_q_mode)6, (ap_o_mode)3, 0>::ap_fixed_base<63, 39, false, (ap_q_mode)5, (ap_o_mode)3, 0>(ap_fixed_base<63, 39, false, (ap_q_mode)5, (ap_o_mode)3, 0> const&)' (C:\scratch\2022.2\hls_product\608\2022.2\src\shared\hls\clib/include/header_files\ap_fixed_base.h:401:80)
INFO: [HLS 214-131] Inlining function 'ap_fixed_base<16, 16, false, (ap_q_mode)6, (ap_o_mode)3, 0>& ap_fixed_base<16, 16, false, (ap_q_mode)6, (ap_o_mode)3, 0>::operator=<63, 39, false, (ap_q_mode)5, (ap_o_mode)3, 0>(ap_fixed_base<63, 39, false, (ap_q_mode)5, (ap_o_mode)3, 0> const&)' into 'ap_fixed_base<16, 16, false, (ap_q_mode)6, (ap_o_mode)3, 0>::ap_fixed_base<63, 39, false, (ap_q_mode)5, (ap_o_mode)3, 0>(ap_fixed_base<63, 39, false, (ap_q_mode)5, (ap_o_mode)3, 0> const&)' (C:\scratch\2022.2\hls_product\608\2022.2\src\shared\hls\clib/include/header_files\ap_fixed_base.h:403:5)
INFO: [HLS 214-131] Inlining function 'ap_fixed_base<16, 16, false, (ap_q_mode)6, (ap_o_mode)3, 0>::ap_fixed_base<63, 39, false, (ap_q_mode)5, (ap_o_mode)3, 0>(ap_fixed_base<63, 39, false, (ap_q_mode)5, (ap_o_mode)3, 0> const&)' into 'ap_ufixed<16, 16, (ap_q_mode)6, (ap_o_mode)3, 0>::ap_ufixed<63, 39, false, (ap_q_mode)5, (ap_o_mode)3, 0>(ap_fixed_base<63, 39, false, (ap_q_mode)5, (ap_o_mode)3, 0> const&)'
INFO: [HLS 214-131] Inlining function 'ap_fixed_base<1, 16, false, (ap_q_mode)5, (ap_o_mode)0, 0>::operator!() const' into 'ap_fixed_base<17, 17, false, (ap_q_mode)5, (ap_o_mode)0, 0>& ap_fixed_base<17, 17, false, (ap_q_mode)5, (ap_o_mode)0, 0>::operator=<1, 16, false, (ap_q_mode)5, (ap_o_mode)0, 0>(ap_fixed_base<1, 16, false, (ap_q_mode)5, (ap_o_mode)0, 0> const&)' (C:\scratch\2022.2\hls_product\608\2022.2\src\shared\hls\clib/include/header_files\ap_fixed_base.h:808:9)
INFO: [HLS 214-131] Inlining function '_ZN8ssdm_intILi17ELb0EEC2EDq17_j' into 'ap_fixed_base<17, 17, false, (ap_q_mode)5, (ap_o_mode)0, 0>::ap_fixed_base<1, 16, false, (ap_q_mode)5, (ap_o_mode)0, 0>(ap_fixed_base<1, 16, false, (ap_q_mode)5, (ap_o_mode)0, 0> const&)' (C:\scratch\2022.2\hls_product\608\2022.2\src\shared\hls\clib/include/header_files\ap_fixed_base.h:401:80)
INFO: [HLS 214-131] Inlining function 'ap_fixed_base<17, 17, false, (ap_q_mode)5, (ap_o_mode)0, 0>& ap_fixed_base<17, 17, false, (ap_q_mode)5, (ap_o_mode)0, 0>::operator=<1, 16, false, (ap_q_mode)5, (ap_o_mode)0, 0>(ap_fixed_base<1, 16, false, (ap_q_mode)5, (ap_o_mode)0, 0> const&)' into 'ap_fixed_base<17, 17, false, (ap_q_mode)5, (ap_o_mode)0, 0>::ap_fixed_base<1, 16, false, (ap_q_mode)5, (ap_o_mode)0, 0>(ap_fixed_base<1, 16, false, (ap_q_mode)5, (ap_o_mode)0, 0> const&)' (C:\scratch\2022.2\hls_product\608\2022.2\src\shared\hls\clib/include/header_files\ap_fixed_base.h:403:5)
INFO: [HLS 214-131] Inlining function 'ap_fixed_base<17, 17, false, (ap_q_mode)5, (ap_o_mode)0, 0>::ap_fixed_base<1, 16, false, (ap_q_mode)5, (ap_o_mode)0, 0>(ap_fixed_base<1, 16, false, (ap_q_mode)5, (ap_o_mode)0, 0> const&)' into 'bool ap_fixed_base<1, 16, false, (ap_q_mode)5, (ap_o_mode)0, 0>::operator!=<32, 32, true, (ap_q_mode)5, (ap_o_mode)3, 0>(ap_fixed_base<32, 32, true, (ap_q_mode)5, (ap_o_mode)3, 0> const&) const' (C:\scratch\2022.2\hls_product\608\2022.2\src\shared\hls\clib/include/header_files\ap_fixed_base.h:1654:505)
INFO: [HLS 214-131] Inlining function 'ap_fixed_base<32, 32, true, (ap_q_mode)5, (ap_o_mode)3, 0>::ap_fixed_base(int)' into 'bool operator!=<1, 16, false, (ap_q_mode)5, (ap_o_mode)0, 0>(ap_fixed_base<1, 16, false, (ap_q_mode)5, (ap_o_mode)0, 0> const&, int)' (C:\scratch\2022.2\hls_product\608\2022.2\src\shared\hls\clib/include/header_files\ap_fixed_base.h:2376:13043)
INFO: [HLS 214-131] Inlining function 'bool ap_fixed_base<1, 16, false, (ap_q_mode)5, (ap_o_mode)0, 0>::operator!=<32, 32, true, (ap_q_mode)5, (ap_o_mode)3, 0>(ap_fixed_base<32, 32, true, (ap_q_mode)5, (ap_o_mode)3, 0> const&) const' into 'bool operator!=<1, 16, false, (ap_q_mode)5, (ap_o_mode)0, 0>(ap_fixed_base<1, 16, false, (ap_q_mode)5, (ap_o_mode)0, 0> const&, int)' (C:\scratch\2022.2\hls_product\608\2022.2\src\shared\hls\clib/include/header_files\ap_fixed_base.h:2376:13031)
INFO: [HLS 214-131] Inlining function 'ssdm_int<16, true>::ssdm_int(short)' into 'ap_int_base<16, true>::ap_int_base(int)' (C:\scratch\2022.2\hls_product\608\2022.2\src\shared\hls\clib/include/header_files\ap_int_base.h:214:67)
INFO: [HLS 214-131] Inlining function 'ap_int_base<16, true>::ap_int_base(int)' into 'ap_int<16>::ap_int(int)'
INFO: [HLS 214-131] Inlining function 'ap_bit_ref<16, true>::ap_bit_ref(ap_int_base<16, true>*, int)' into 'ap_int_base<16, true>::operator[](int)' (C:\scratch\2022.2\hls_product\608\2022.2\src\shared\hls\clib/include/header_files\ap_int_base.h:1129:30)
INFO: [HLS 214-131] Inlining function 'ap_fixed_base<1, 16, false, (ap_q_mode)5, (ap_o_mode)0, 0>::operator!() const' into 'ap_fixed_base<16, 16, false, (ap_q_mode)5, (ap_o_mode)0, 0>& ap_fixed_base<16, 16, false, (ap_q_mode)5, (ap_o_mode)0, 0>::operator=<1, 16, false, (ap_q_mode)5, (ap_o_mode)0, 0>(ap_fixed_base<1, 16, false, (ap_q_mode)5, (ap_o_mode)0, 0> const&)' (C:\scratch\2022.2\hls_product\608\2022.2\src\shared\hls\clib/include/header_files\ap_fixed_base.h:808:9)
INFO: [HLS 214-131] Inlining function 'ssdm_int<16, false>::ssdm_int(unsigned short)' into 'ap_fixed_base<16, 16, false, (ap_q_mode)5, (ap_o_mode)0, 0>::ap_fixed_base<1, 16, false, (ap_q_mode)5, (ap_o_mode)0, 0>(ap_fixed_base<1, 16, false, (ap_q_mode)5, (ap_o_mode)0, 0> const&)' (C:\scratch\2022.2\hls_product\608\2022.2\src\shared\hls\clib/include/header_files\ap_fixed_base.h:401:80)
INFO: [HLS 214-131] Inlining function 'ap_fixed_base<16, 16, false, (ap_q_mode)5, (ap_o_mode)0, 0>& ap_fixed_base<16, 16, false, (ap_q_mode)5, (ap_o_mode)0, 0>::operator=<1, 16, false, (ap_q_mode)5, (ap_o_mode)0, 0>(ap_fixed_base<1, 16, false, (ap_q_mode)5, (ap_o_mode)0, 0> const&)' into 'ap_fixed_base<16, 16, false, (ap_q_mode)5, (ap_o_mode)0, 0>::ap_fixed_base<1, 16, false, (ap_q_mode)5, (ap_o_mode)0, 0>(ap_fixed_base<1, 16, false, (ap_q_mode)5, (ap_o_mode)0, 0> const&)' (C:\scratch\2022.2\hls_product\608\2022.2\src\shared\hls\clib/include/header_files\ap_fixed_base.h:403:5)
INFO: [HLS 214-131] Inlining function 'ap_fixed_base<16, 16, false, (ap_q_mode)5, (ap_o_mode)0, 0>::ap_fixed_base<1, 16, false, (ap_q_mode)5, (ap_o_mode)0, 0>(ap_fixed_base<1, 16, false, (ap_q_mode)5, (ap_o_mode)0, 0> const&)' into 'bool ap_fixed_base<32, 32, true, (ap_q_mode)5, (ap_o_mode)3, 0>::operator==<1, 16, false, (ap_q_mode)5, (ap_o_mode)0, 0>(ap_fixed_base<1, 16, false, (ap_q_mode)5, (ap_o_mode)0, 0> const&) const' (C:\scratch\2022.2\hls_product\608\2022.2\src\shared\hls\clib/include/header_files\ap_fixed_base.h:1653:370)
INFO: [HLS 214-131] Inlining function 'ap_fixed_base<32, 32, true, (ap_q_mode)5, (ap_o_mode)3, 0>::ap_fixed_base(int)' into 'bool operator==<1, 16, false, (ap_q_mode)5, (ap_o_mode)0, 0>(int, ap_fixed_base<1, 16, false, (ap_q_mode)5, (ap_o_mode)0, 0> const&)' (C:\scratch\2022.2\hls_product\608\2022.2\src\shared\hls\clib/include/header_files\ap_fixed_base.h:2376:12718)
INFO: [HLS 214-131] Inlining function 'bool ap_fixed_base<32, 32, true, (ap_q_mode)5, (ap_o_mode)3, 0>::operator==<1, 16, false, (ap_q_mode)5, (ap_o_mode)0, 0>(ap_fixed_base<1, 16, false, (ap_q_mode)5, (ap_o_mode)0, 0> const&) const' into 'bool operator==<1, 16, false, (ap_q_mode)5, (ap_o_mode)0, 0>(int, ap_fixed_base<1, 16, false, (ap_q_mode)5, (ap_o_mode)0, 0> const&)' (C:\scratch\2022.2\hls_product\608\2022.2\src\shared\hls\clib/include/header_files\ap_fixed_base.h:2376:12778)
INFO: [HLS 214-131] Inlining function 'ap_int_base<32, true>::ap_int_base(int)' into 'bool operator!=<23, false>(int, ap_int_base<23, false> const&)' (C:\scratch\2022.2\hls_product\608\2022.2\src\shared\hls\clib/include/header_files\ap_int_base.h:1788:2037)
INFO: [HLS 214-131] Inlining function 'bool ap_int_base<32, true>::operator!=<23, false>(ap_int_base<23, false> const&) const' into 'bool operator!=<23, false>(int, ap_int_base<23, false> const&)' (C:\scratch\2022.2\hls_product\608\2022.2\src\shared\hls\clib/include/header_files\ap_int_base.h:1788:2075)
INFO: [HLS 214-131] Inlining function 'ap_int_base<32, true>::ap_int_base(int)' into 'bool operator==<8, false>(ap_int_base<8, false> const&, int)' (C:\scratch\2022.2\hls_product\608\2022.2\src\shared\hls\clib/include/header_files\ap_int_base.h:1788:1853)
INFO: [HLS 214-131] Inlining function 'bool ap_int_base<8, false>::operator==<32, true>(ap_int_base<32, true> const&) const' into 'bool operator==<8, false>(ap_int_base<8, false> const&, int)' (C:\scratch\2022.2\hls_product\608\2022.2\src\shared\hls\clib/include/header_files\ap_int_base.h:1788:1850)
INFO: [HLS 214-131] Inlining function 'ap_int_base<1, false>::to_int() const' into 'fp_struct<float>::__signbit() const' (C:\scratch\2022.2\hls_product\608\2022.2\src\shared\hls\clib/src/hls\utils/x_hls_utils.h:379:21)
INFO: [HLS 214-131] Inlining function 'ap_fixed_base<16, 16, false, (ap_q_mode)6, (ap_o_mode)3, 0>::operator!() const' into 'ap_fixed_base<16, 16, true, (ap_q_mode)5, (ap_o_mode)3, 0>& ap_fixed_base<16, 16, true, (ap_q_mode)5, (ap_o_mode)3, 0>::operator=<16, 16, false, (ap_q_mode)6, (ap_o_mode)3, 0>(ap_fixed_base<16, 16, false, (ap_q_mode)6, (ap_o_mode)3, 0> const&)' (C:\scratch\2022.2\hls_product\608\2022.2\src\shared\hls\clib/include/header_files\ap_fixed_base.h:808:9)
INFO: [HLS 214-131] Inlining function 'ssdm_int<16, true>::ssdm_int(short)' into 'ap_fixed_base<16, 16, true, (ap_q_mode)5, (ap_o_mode)3, 0>::ap_fixed_base<16, 16, false, (ap_q_mode)6, (ap_o_mode)3, 0>(ap_fixed_base<16, 16, false, (ap_q_mode)6, (ap_o_mode)3, 0> const&)' (C:\scratch\2022.2\hls_product\608\2022.2\src\shared\hls\clib/include/header_files\ap_fixed_base.h:401:80)
INFO: [HLS 214-131] Inlining function 'ap_fixed_base<16, 16, true, (ap_q_mode)5, (ap_o_mode)3, 0>& ap_fixed_base<16, 16, true, (ap_q_mode)5, (ap_o_mode)3, 0>::operator=<16, 16, false, (ap_q_mode)6, (ap_o_mode)3, 0>(ap_fixed_base<16, 16, false, (ap_q_mode)6, (ap_o_mode)3, 0> const&)' into 'ap_fixed_base<16, 16, true, (ap_q_mode)5, (ap_o_mode)3, 0>::ap_fixed_base<16, 16, false, (ap_q_mode)6, (ap_o_mode)3, 0>(ap_fixed_base<16, 16, false, (ap_q_mode)6, (ap_o_mode)3, 0> const&)' (C:\scratch\2022.2\hls_product\608\2022.2\src\shared\hls\clib/include/header_files\ap_fixed_base.h:403:5)
INFO: [HLS 214-131] Inlining function 'ap_fixed_base<16, 16, true, (ap_q_mode)5, (ap_o_mode)3, 0>::ap_fixed_base<16, 16, false, (ap_q_mode)6, (ap_o_mode)3, 0>(ap_fixed_base<16, 16, false, (ap_q_mode)6, (ap_o_mode)3, 0> const&)' into 'ap_fixed<16, 16, (ap_q_mode)5, (ap_o_mode)3, 0>::ap_fixed<16, 16, false, (ap_q_mode)6, (ap_o_mode)3, 0>(ap_fixed_base<16, 16, false, (ap_q_mode)6, (ap_o_mode)3, 0> const&)'
INFO: [HLS 214-131] Inlining function 'ap_fixed_base<16, 16, false, (ap_q_mode)6, (ap_o_mode)3, 0>::operator!() const' into 'ap_fixed_base<17, 17, true, (ap_q_mode)5, (ap_o_mode)3, 0>& ap_fixed_base<17, 17, true, (ap_q_mode)5, (ap_o_mode)3, 0>::operator=<16, 16, false, (ap_q_mode)6, (ap_o_mode)3, 0>(ap_fixed_base<16, 16, false, (ap_q_mode)6, (ap_o_mode)3, 0> const&)' (C:\scratch\2022.2\hls_product\608\2022.2\src\shared\hls\clib/include/header_files\ap_fixed_base.h:808:9)
INFO: [HLS 214-131] Inlining function '_ZN8ssdm_intILi17ELb1EEC2EDq17_i' into 'ap_fixed_base<17, 17, true, (ap_q_mode)5, (ap_o_mode)3, 0>::ap_fixed_base<16, 16, false, (ap_q_mode)6, (ap_o_mode)3, 0>(ap_fixed_base<16, 16, false, (ap_q_mode)6, (ap_o_mode)3, 0> const&)' (C:\scratch\2022.2\hls_product\608\2022.2\src\shared\hls\clib/include/header_files\ap_fixed_base.h:401:80)
INFO: [HLS 214-131] Inlining function 'ap_fixed_base<17, 17, true, (ap_q_mode)5, (ap_o_mode)3, 0>& ap_fixed_base<17, 17, true, (ap_q_mode)5, (ap_o_mode)3, 0>::operator=<16, 16, false, (ap_q_mode)6, (ap_o_mode)3, 0>(ap_fixed_base<16, 16, false, (ap_q_mode)6, (ap_o_mode)3, 0> const&)' into 'ap_fixed_base<17, 17, true, (ap_q_mode)5, (ap_o_mode)3, 0>::ap_fixed_base<16, 16, false, (ap_q_mode)6, (ap_o_mode)3, 0>(ap_fixed_base<16, 16, false, (ap_q_mode)6, (ap_o_mode)3, 0> const&)' (C:\scratch\2022.2\hls_product\608\2022.2\src\shared\hls\clib/include/header_files\ap_fixed_base.h:403:5)
INFO: [HLS 214-131] Inlining function 'ap_fixed_base<17, 17, true, (ap_q_mode)5, (ap_o_mode)3, 0>::ap_fixed_base<16, 16, false, (ap_q_mode)6, (ap_o_mode)3, 0>(ap_fixed_base<16, 16, false, (ap_q_mode)6, (ap_o_mode)3, 0> const&)' into 'ap_fixed_base<16, 16, false, (ap_q_mode)6, (ap_o_mode)3, 0>::operator-() const' (C:\scratch\2022.2\hls_product\608\2022.2\src\shared\hls\clib/include/header_files\ap_fixed_base.h:1407:47)
INFO: [HLS 214-131] Inlining function 'ap_fixed_base<17, 17, true, (ap_q_mode)5, (ap_o_mode)3, 0>::operator!() const' into 'ap_fixed_base<16, 16, true, (ap_q_mode)5, (ap_o_mode)3, 0>& ap_fixed_base<16, 16, true, (ap_q_mode)5, (ap_o_mode)3, 0>::operator=<17, 17, true, (ap_q_mode)5, (ap_o_mode)3, 0>(ap_fixed_base<17, 17, true, (ap_q_mode)5, (ap_o_mode)3, 0> const&)' (C:\scratch\2022.2\hls_product\608\2022.2\src\shared\hls\clib/include/header_files\ap_fixed_base.h:808:9)
INFO: [HLS 214-131] Inlining function 'ssdm_int<16, true>::ssdm_int(short)' into 'ap_fixed_base<16, 16, true, (ap_q_mode)5, (ap_o_mode)3, 0>::ap_fixed_base<17, 17, true, (ap_q_mode)5, (ap_o_mode)3, 0>(ap_fixed_base<17, 17, true, (ap_q_mode)5, (ap_o_mode)3, 0> const&)' (C:\scratch\2022.2\hls_product\608\2022.2\src\shared\hls\clib/include/header_files\ap_fixed_base.h:401:80)
INFO: [HLS 214-131] Inlining function 'ap_fixed_base<16, 16, true, (ap_q_mode)5, (ap_o_mode)3, 0>& ap_fixed_base<16, 16, true, (ap_q_mode)5, (ap_o_mode)3, 0>::operator=<17, 17, true, (ap_q_mode)5, (ap_o_mode)3, 0>(ap_fixed_base<17, 17, true, (ap_q_mode)5, (ap_o_mode)3, 0> const&)' into 'ap_fixed_base<16, 16, true, (ap_q_mode)5, (ap_o_mode)3, 0>::ap_fixed_base<17, 17, true, (ap_q_mode)5, (ap_o_mode)3, 0>(ap_fixed_base<17, 17, true, (ap_q_mode)5, (ap_o_mode)3, 0> const&)' (C:\scratch\2022.2\hls_product\608\2022.2\src\shared\hls\clib/include/header_files\ap_fixed_base.h:403:5)
INFO: [HLS 214-131] Inlining function 'ap_fixed_base<16, 16, true, (ap_q_mode)5, (ap_o_mode)3, 0>::ap_fixed_base<17, 17, true, (ap_q_mode)5, (ap_o_mode)3, 0>(ap_fixed_base<17, 17, true, (ap_q_mode)5, (ap_o_mode)3, 0> const&)' into 'ap_fixed<16, 16, (ap_q_mode)5, (ap_o_mode)3, 0>::ap_fixed<17, 17, true, (ap_q_mode)5, (ap_o_mode)3, 0>(ap_fixed_base<17, 17, true, (ap_q_mode)5, (ap_o_mode)3, 0> const&)'
INFO: [HLS 214-131] Inlining function 'ap_int_base<16, true>::ap_int_base(int)' into 'ap_fixed_base<16, 16, true, (ap_q_mode)5, (ap_o_mode)3, 0>::to_ap_int_base(bool) const' (C:\scratch\2022.2\hls_product\608\2022.2\src\shared\hls\clib/include/header_files\ap_fixed_base.h:983:57)
INFO: [HLS 214-131] Inlining function 'ap_fixed_base<16, 16, true, (ap_q_mode)5, (ap_o_mode)3, 0>::to_ap_int_base(bool) const' into 'ap_fixed_base<16, 16, true, (ap_q_mode)5, (ap_o_mode)3, 0>::to_int() const' (C:\scratch\2022.2\hls_product\608\2022.2\src\shared\hls\clib/include/header_files\ap_fixed_base.h:1022:89)
INFO: [HLS 214-131] Inlining function 'ap_int_base<16, true>::to_int() const' into 'ap_fixed_base<16, 16, true, (ap_q_mode)5, (ap_o_mode)3, 0>::to_int() const' (C:\scratch\2022.2\hls_product\608\2022.2\src\shared\hls\clib/include/header_files\ap_fixed_base.h:1022:106)
INFO: [HLS 214-131] Inlining function 'ap_fixed_base<16, 16, true, (ap_q_mode)5, (ap_o_mode)3, 0>::to_int() const' into 'ap_fixed_base<16, 16, true, (ap_q_mode)5, (ap_o_mode)3, 0>::operator short() const' (C:\scratch\2022.2\hls_product\608\2022.2\src\shared\hls\clib/include/header_files\ap_fixed_base.h:1193:100)
INFO: [HLS 214-131] Inlining function 'ap_fixed_base<16, 16, true, (ap_q_mode)5, (ap_o_mode)3, 0>::operator short() const' into 'short generic_cast_IEEE754<short, (ap_q_mode)6, float>(float, bool, hls::enable_if<std::numeric_limits<short>::is_signed, bool>::type)' (C:\scratch\2022.2\hls_product\608\2022.2\src\shared\hls\clib/hlsmath/include/FloatingPoint\hls_case_IEEE754.h:61:9)
INFO: [HLS 214-131] Inlining function 'ap_fixed_base<16, 16, false, (ap_q_mode)6, (ap_o_mode)3, 0>::operator-() const' into 'short generic_cast_IEEE754<short, (ap_q_mode)6, float>(float, bool, hls::enable_if<std::numeric_limits<short>::is_signed, bool>::type)' (C:\scratch\2022.2\hls_product\608\2022.2\src\shared\hls\clib/hlsmath/include/FloatingPoint\hls_case_IEEE754.h:59:30)
INFO: [HLS 214-131] Inlining function 'ap_fixed_base<63, 39, false, (ap_q_mode)5, (ap_o_mode)3, 0>::operator<<(int) const' into 'short generic_cast_IEEE754<short, (ap_q_mode)6, float>(float, bool, hls::enable_if<std::numeric_limits<short>::is_signed, bool>::type)' (C:\scratch\2022.2\hls_product\608\2022.2\src\shared\hls\clib/hlsmath/include/FloatingPoint\hls_case_IEEE754.h:18:73)
INFO: [HLS 214-131] Inlining function 'ap_int_base<16, true>::operator long long() const' into 'short generic_cast_IEEE754<short, (ap_q_mode)6, float>(float, bool, hls::enable_if<std::numeric_limits<short>::is_signed, bool>::type)' (C:\scratch\2022.2\hls_product\608\2022.2\src\shared\hls\clib/hlsmath/include/FloatingPoint\hls_case_IEEE754.h:47:17)
INFO: [HLS 214-131] Inlining function 'ap_int_base<16, true>::operator long long() const' into 'short generic_cast_IEEE754<short, (ap_q_mode)6, float>(float, bool, hls::enable_if<std::numeric_limits<short>::is_signed, bool>::type)' (C:\scratch\2022.2\hls_product\608\2022.2\src\shared\hls\clib/hlsmath/include/FloatingPoint\hls_case_IEEE754.h:44:17)
INFO: [HLS 214-131] Inlining function 'bool operator==<8, false>(ap_int_base<8, false> const&, int)' into 'short generic_cast_IEEE754<short, (ap_q_mode)6, float>(float, bool, hls::enable_if<std::numeric_limits<short>::is_signed, bool>::type)' (C:\scratch\2022.2\hls_product\608\2022.2\src\shared\hls\clib/hlsmath/include/FloatingPoint\hls_case_IEEE754.h:42:54)
INFO: [HLS 214-131] Inlining function 'bool operator!=<23, false>(int, ap_int_base<23, false> const&)' into 'short generic_cast_IEEE754<short, (ap_q_mode)6, float>(float, bool, hls::enable_if<std::numeric_limits<short>::is_signed, bool>::type)' (C:\scratch\2022.2\hls_product\608\2022.2\src\shared\hls\clib/hlsmath/include/FloatingPoint\hls_case_IEEE754.h:42:34)
INFO: [HLS 214-131] Inlining function 'bool operator==<1, 16, false, (ap_q_mode)5, (ap_o_mode)0, 0>(int, ap_fixed_base<1, 16, false, (ap_q_mode)5, (ap_o_mode)0, 0> const&)' into 'short generic_cast_IEEE754<short, (ap_q_mode)6, float>(float, bool, hls::enable_if<std::numeric_limits<short>::is_signed, bool>::type)' (C:\scratch\2022.2\hls_product\608\2022.2\src\shared\hls\clib/hlsmath/include/FloatingPoint\hls_case_IEEE754.h:42:12)
INFO: [HLS 214-131] Inlining function 'ap_bit_ref<16, true>::operator=(int)' into 'short generic_cast_IEEE754<short, (ap_q_mode)6, float>(float, bool, hls::enable_if<std::numeric_limits<short>::is_signed, bool>::type)' (C:\scratch\2022.2\hls_product\608\2022.2\src\shared\hls\clib/hlsmath/include/FloatingPoint\hls_case_IEEE754.h:38:24)
INFO: [HLS 214-131] Inlining function 'ap_int_base<16, true>::operator[](int)' into 'short generic_cast_IEEE754<short, (ap_q_mode)6, float>(float, bool, hls::enable_if<std::numeric_limits<short>::is_signed, bool>::type)' (C:\scratch\2022.2\hls_product\608\2022.2\src\shared\hls\clib/hlsmath/include/FloatingPoint\hls_case_IEEE754.h:38:2)
INFO: [HLS 214-131] Inlining function 'ap_bit_ref<16, true>::operator=(int)' into 'short generic_cast_IEEE754<short, (ap_q_mode)6, float>(float, bool, hls::enable_if<std::numeric_limits<short>::is_signed, bool>::type)' (C:\scratch\2022.2\hls_product\608\2022.2\src\shared\hls\clib/hlsmath/include/FloatingPoint\hls_case_IEEE754.h:36:24)
INFO: [HLS 214-131] Inlining function 'ap_int_base<16, true>::operator[](int)' into 'short generic_cast_IEEE754<short, (ap_q_mode)6, float>(float, bool, hls::enable_if<std::numeric_limits<short>::is_signed, bool>::type)' (C:\scratch\2022.2\hls_product\608\2022.2\src\shared\hls\clib/hlsmath/include/FloatingPoint\hls_case_IEEE754.h:36:2)
INFO: [HLS 214-131] Inlining function 'bool operator!=<1, 16, false, (ap_q_mode)5, (ap_o_mode)0, 0>(ap_fixed_base<1, 16, false, (ap_q_mode)5, (ap_o_mode)0, 0> const&, int)' into 'short generic_cast_IEEE754<short, (ap_q_mode)6, float>(float, bool, hls::enable_if<std::numeric_limits<short>::is_signed, bool>::type)' (C:\scratch\2022.2\hls_product\608\2022.2\src\shared\hls\clib/hlsmath/include/FloatingPoint\hls_case_IEEE754.h:32:96)
INFO: [HLS 214-131] Inlining function 'ssdm_int<32, false>::ssdm_int(unsigned int)' into 'ap_int_base<32, false>::ap_int_base(unsigned short)' (C:/Xilinx/Vitis_HLS/2022.2/common/technology/autopilot\ap_int_base.h:213:78)
INFO: [HLS 214-131] Inlining function 'ap_int_base<32, false>::ap_int_base(unsigned short)' into 'ap_range_ref<32, false>::operator=(unsigned short)' (C:/Xilinx/Vitis_HLS/2022.2/common/technology/autopilot\ap_int_ref.h:344:113)
INFO: [HLS 214-131] Inlining function 'ap_int_base<32, false>::operator()(int, int)' into 'pack_int16(short, short)' (C:/VitisProject/Vitis/OFDM/TX/Refer/ref_tx_defs.h:50:5)
INFO: [HLS 214-131] Inlining function 'ap_range_ref<32, false>::operator=(unsigned short)' into 'pack_int16(short, short)' (C:/VitisProject/Vitis/OFDM/TX/Refer/ref_tx_defs.h:51:17)
INFO: [HLS 214-131] Inlining function 'ap_int_base<32, false>::operator()(int, int)' into 'pack_int16(short, short)' (C:/VitisProject/Vitis/OFDM/TX/Refer/ref_tx_defs.h:51:5)
INFO: [HLS 214-131] Inlining function 'ap_range_ref<32, false>::operator=(unsigned short)' into 'pack_int16(short, short)' (C:/VitisProject/Vitis/OFDM/TX/Refer/ref_tx_defs.h:50:16)
INFO: [HLS 214-131] Inlining function 'hls::axis<ap_uint<32>, 0ul, 0ul, 0ul>::get_user_ptr()' into 'hls::stream<hls::axis<ap_uint<32>, 0ul, 0ul, 0ul>, 0>::write(hls::axis<ap_uint<32>, 0ul, 0ul, 0ul> const&)' (C:/Xilinx/Vitis_HLS/2022.2/common/technology/autopilot\ap_axi_sdata.h:258:51)
INFO: [HLS 214-131] Inlining function 'hls::axis<ap_uint<32>, 0ul, 0ul, 0ul>::get_dest_ptr()' into 'hls::stream<hls::axis<ap_uint<32>, 0ul, 0ul, 0ul>, 0>::write(hls::axis<ap_uint<32>, 0ul, 0ul, 0ul> const&)' (C:/Xilinx/Vitis_HLS/2022.2/common/technology/autopilot\ap_axi_sdata.h:261:26)
INFO: [HLS 214-131] Inlining function 'hls::axis<ap_uint<32>, 0ul, 0ul, 0ul>::get_id_ptr()' into 'hls::stream<hls::axis<ap_uint<32>, 0ul, 0ul, 0ul>, 0>::write(hls::axis<ap_uint<32>, 0ul, 0ul, 0ul> const&)' (C:/Xilinx/Vitis_HLS/2022.2/common/technology/autopilot\ap_axi_sdata.h:260:68)
INFO: [HLS 214-131] Inlining function 'hls::axis<ap_uint<32>, 0ul, 0ul, 0ul>::get_user_ptr()' into 'hls::stream<hls::axis<ap_uint<32>, 0ul, 0ul, 0ul>, 0>::write(hls::axis<ap_uint<32>, 0ul, 0ul, 0ul> const&)' (C:/Xilinx/Vitis_HLS/2022.2/common/technology/autopilot\ap_axi_sdata.h:260:37)
INFO: [HLS 214-131] Inlining function 'hls::axis<ap_uint<32>, 0ul, 0ul, 0ul>::get_dest_ptr()' into 'hls::stream<hls::axis<ap_uint<32>, 0ul, 0ul, 0ul>, 0>::write(hls::axis<ap_uint<32>, 0ul, 0ul, 0ul> const&)' (C:/Xilinx/Vitis_HLS/2022.2/common/technology/autopilot\ap_axi_sdata.h:259:40)
INFO: [HLS 214-131] Inlining function 'hls::axis<ap_uint<32>, 0ul, 0ul, 0ul>::get_id_ptr()' into 'hls::stream<hls::axis<ap_uint<32>, 0ul, 0ul, 0ul>, 0>::write(hls::axis<ap_uint<32>, 0ul, 0ul, 0ul> const&)' (C:/Xilinx/Vitis_HLS/2022.2/common/technology/autopilot\ap_axi_sdata.h:259:24)
INFO: [HLS 214-131] Inlining function 'hls::stream<hls::axis<ap_uint<32>, 0ul, 0ul, 0ul>, 0>::write(hls::axis<ap_uint<32>, 0ul, 0ul, 0ul> const&)' into 'reference_signal_tx_packed(hls::stream<hls::axis<ap_uint<32>, 0ul, 0ul, 0ul>, 0>&, hls::stream<hls::axis<ap_uint<32>, 0ul, 0ul, 0ul>, 0>&)' (C:/VitisProject/Vitis/OFDM/TX/Refer/reference_signal_tx_packed.cpp:70:27)
INFO: [HLS 214-131] Inlining function 'hls::stream<hls::axis<ap_uint<32>, 0ul, 0ul, 0ul>, 0>::read()' into 'reference_signal_tx_packed(hls::stream<hls::axis<ap_uint<32>, 0ul, 0ul, 0ul>, 0>&, hls::stream<hls::axis<ap_uint<32>, 0ul, 0ul, 0ul>, 0>&)' (C:/VitisProject/Vitis/OFDM/TX/Refer/reference_signal_tx_packed.cpp:59:50)
INFO: [HLS 214-291] Loop 'anonymous' is marked as complete unroll implied by the pipeline pragma (C:/VitisProject/Vitis/OFDM/TX/Refer/ref_tx_defs.h:45:5)
INFO: [HLS 214-291] Loop 'anonymous' is marked as complete unroll implied by the pipeline pragma (C:/VitisProject/Vitis/OFDM/TX/Refer/ref_tx_defs.h:44:5)
INFO: [HLS 214-186] Unrolling loop 'anonymous' (C:/VitisProject/Vitis/OFDM/TX/Refer/ref_tx_defs.h:45:5) in function 'unpack_complex' completely with a factor of 1 (C:/VitisProject/Vitis/OFDM/TX/Refer/ref_tx_defs.h:41:0)
INFO: [HLS 214-186] Unrolling loop 'anonymous' (C:/VitisProject/Vitis/OFDM/TX/Refer/ref_tx_defs.h:44:5) in function 'unpack_complex' completely with a factor of 1 (C:/VitisProject/Vitis/OFDM/TX/Refer/ref_tx_defs.h:41:0)
INFO: [HLS 214-178] Inlining function 'fp_struct<float>::fp_struct(float)' into 'short generic_cast_IEEE754<short, (ap_q_mode)6, float>(float, bool, hls::enable_if<std::numeric_limits<short>::is_signed, bool>::type)' (C:\scratch\2022.2\hls_product\608\2022.2\src\shared\hls\clib/hlsmath/include/FloatingPoint\hls_case_IEEE754.h:12:0)
INFO: [HLS 214-178] Inlining function 'fp_struct<float>::mantissa() const' into 'short generic_cast_IEEE754<short, (ap_q_mode)6, float>(float, bool, hls::enable_if<std::numeric_limits<short>::is_signed, bool>::type)' (C:\scratch\2022.2\hls_product\608\2022.2\src\shared\hls\clib/hlsmath/include/FloatingPoint\hls_case_IEEE754.h:12:0)
INFO: [HLS 214-178] Inlining function 'fp_struct<float>::expv() const' into 'short generic_cast_IEEE754<short, (ap_q_mode)6, float>(float, bool, hls::enable_if<std::numeric_limits<short>::is_signed, bool>::type)' (C:\scratch\2022.2\hls_product\608\2022.2\src\shared\hls\clib/hlsmath/include/FloatingPoint\hls_case_IEEE754.h:12:0)
INFO: [HLS 214-178] Inlining function 'fp_struct<float>::__signbit() const' into 'short generic_cast_IEEE754<short, (ap_q_mode)6, float>(float, bool, hls::enable_if<std::numeric_limits<short>::is_signed, bool>::type)' (C:\scratch\2022.2\hls_product\608\2022.2\src\shared\hls\clib/hlsmath/include/FloatingPoint\hls_case_IEEE754.h:12:0)
INFO: [HLS 214-178] Inlining function 'short generic_cast_IEEE754<short, (ap_q_mode)6, float>(float, bool, hls::enable_if<std::numeric_limits<short>::is_signed, bool>::type)' into 'short generic_cast_IEEE754<short, float>(float, bool)' (C:\scratch\2022.2\hls_product\608\2022.2\src\shared\hls\clib/hlsmath/include/FloatingPoint\hls_case_IEEE754.h:116:0)
INFO: [HLS 214-178] Inlining function 'short generic_cast_IEEE754<short, float>(float, bool)' into '__hls_fptosi_float_i16' (C:\scratch\2022.2\hls_product\608\2022.2\src\shared\hls\clib\hlsmath\src\lib_floatconversion.cpp:50:0)
INFO: [HLS 214-178] Inlining function 'unpack_complex(ap_uint<32>, half&, half&)' into 'reference_signal_tx_packed(hls::stream<hls::axis<ap_uint<32>, 0ul, 0ul, 0ul>, 0>&, hls::stream<hls::axis<ap_uint<32>, 0ul, 0ul, 0ul>, 0>&)' (C:/VitisProject/Vitis/OFDM/TX/Refer/reference_signal_tx_packed.cpp:9:0)
INFO: [HLS 214-178] Inlining function '__hls_fptosi_float_i16' into 'reference_signal_tx_packed(hls::stream<hls::axis<ap_uint<32>, 0ul, 0ul, 0ul>, 0>&, hls::stream<hls::axis<ap_uint<32>, 0ul, 0ul, 0ul>, 0>&)' (C:/VitisProject/Vitis/OFDM/TX/Refer/reference_signal_tx_packed.cpp:9:0)
INFO: [HLS 214-178] Inlining function 'pack_int16(short, short)' into 'reference_signal_tx_packed(hls::stream<hls::axis<ap_uint<32>, 0ul, 0ul, 0ul>, 0>&, hls::stream<hls::axis<ap_uint<32>, 0ul, 0ul, 0ul>, 0>&)' (C:/VitisProject/Vitis/OFDM/TX/Refer/reference_signal_tx_packed.cpp:9:0)
INFO: [HLS 200-111] Finished Compiling Optimization and Transform: CPU user time: 0 seconds. CPU system time: 0 seconds. Elapsed time: 3.959 seconds; current allocated memory: 681.859 MB.
INFO: [HLS 200-111] Finished Checking Pragmas: CPU user time: 0 seconds. CPU system time: 0 seconds. Elapsed time: 0.001 seconds; current allocated memory: 682.078 MB.
INFO: [HLS 200-10] Starting code transformations ...
INFO: [HLS 200-111] Finished Standard Transforms: CPU user time: 0 seconds. CPU system time: 0 seconds. Elapsed time: 0.083 seconds; current allocated memory: 711.621 MB.
INFO: [HLS 200-10] Checking synthesizability ...
INFO: [HLS 200-111] Finished Checking Synthesizability: CPU user time: 1 seconds. CPU system time: 0 seconds. Elapsed time: 0.2 seconds; current allocated memory: 746.719 MB.
INFO: [HLS 200-111] Finished Loop, function and other optimizations: CPU user time: 0 seconds. CPU system time: 0 seconds. Elapsed time: 0.239 seconds; current allocated memory: 798.668 MB.
WARNING: [XFORM 203-561] 'VITIS_LOOP_20_1' (C:/VitisProject/Vitis/OFDM/TX/Refer/reference_signal_tx_packed.cpp:24:18) in function 'reference_signal_tx_packed' is an infinite loop.
WARNING: [HLS 200-960] Cannot flatten loop 'VITIS_LOOP_20_1' (C:/VitisProject/Vitis/OFDM/TX/Refer/reference_signal_tx_packed.cpp:24:18) in function 'reference_signal_tx_packed' the outer loop is not a perfect loop because there is nontrivial logic in the loop header.
INFO: [HLS 200-111] Finished Architecture Synthesis: CPU user time: 0 seconds. CPU system time: 0 seconds. Elapsed time: 0.154 seconds; current allocated memory: 817.250 MB.
INFO: [HLS 200-10] Starting hardware synthesis ...
INFO: [HLS 200-10] Synthesizing 'reference_signal_tx_packed' ...
INFO: [HLS 200-10] ----------------------------------------------------------------
INFO: [HLS 200-42] -- Implementing module 'reference_signal_tx_packed_Pipeline_Loop_Packed_Frame' 
INFO: [HLS 200-10] ----------------------------------------------------------------
INFO: [SCHED 204-11] Starting scheduling ...
INFO: [HLS 200-486] Changing DSP latency (root=mul_ln47) to 3 in order to utilize available DSP registers.
INFO: [SCHED 204-61] Pipelining loop 'Loop_Packed_Frame'.
INFO: [HLS 200-1470] Pipelining result : Target II = 1, Final II = 1, Depth = 8, loop 'Loop_Packed_Frame'
INFO: [SCHED 204-11] Finished scheduling.
INFO: [HLS 200-111] Finished Scheduling: CPU user time: 0 seconds. CPU system time: 0 seconds. Elapsed time: 0.158 seconds; current allocated memory: 821.152 MB.
INFO: [BIND 205-100] Starting micro-architecture generation ...
INFO: [BIND 205-101] Performing variable lifetime analysis.
INFO: [BIND 205-101] Exploring resource sharing.
INFO: [BIND 205-101] Binding ...
INFO: [BIND 205-100] Finished micro-architecture generation.
INFO: [HLS 200-111] Finished Binding: CPU user time: 0 seconds. CPU system time: 0 seconds. Elapsed time: 0.092 seconds; current allocated memory: 822.340 MB.
INFO: [HLS 200-10] ----------------------------------------------------------------
INFO: [HLS 200-42] -- Implementing module 'reference_signal_tx_packed' 
INFO: [HLS 200-10] ----------------------------------------------------------------
INFO: [SCHED 204-11] Starting scheduling ...
INFO: [SCHED 204-11] Finished scheduling.
INFO: [HLS 200-111] Finished Scheduling: CPU user time: 0 seconds. CPU system time: 0 seconds. Elapsed time: 0.1 seconds; current allocated memory: 822.426 MB.
INFO: [BIND 205-100] Starting micro-architecture generation ...
INFO: [BIND 205-101] Performing variable lifetime analysis.
INFO: [BIND 205-101] Exploring resource sharing.
INFO: [BIND 205-101] Binding ...
INFO: [BIND 205-100] Finished micro-architecture generation.
INFO: [HLS 200-111] Finished Binding: CPU user time: 0 seconds. CPU system time: 0 seconds. Elapsed time: 0.042 seconds; current allocated memory: 822.609 MB.
INFO: [HLS 200-10] ----------------------------------------------------------------
INFO: [HLS 200-10] -- Generating RTL for module 'reference_signal_tx_packed_Pipeline_Loop_Packed_Frame' 
INFO: [HLS 200-10] ----------------------------------------------------------------
INFO: [HLS 200-1030] Apply Unified Pipeline Control on module 'reference_signal_tx_packed_Pipeline_Loop_Packed_Frame' pipeline 'Loop_Packed_Frame' pipeline type 'loop pipeline'
INFO: [RTGEN 206-100] Generating core module 'fmul_32ns_32ns_32_2_max_dsp_1': 2 instance(s).
INFO: [RTGEN 206-100] Generating core module 'hptosp_16ns_32_1_no_dsp_1': 2 instance(s).
INFO: [RTGEN 206-100] Generating core module 'mul_mul_11ns_12ns_23_4_1': 1 instance(s).
INFO: [RTGEN 206-100] Finished creating RTL model for 'reference_signal_tx_packed_Pipeline_Loop_Packed_Frame'.
INFO: [RTMG 210-279] Implementing memory 'reference_signal_tx_packed_reference_signal_tx_packed_Pipeline_Loop_Packed_Frame_PILOT_ROM_ROM_AUTO_1R' using auto ROMs.
INFO: [HLS 200-111] Finished Creating RTL model: CPU user time: 0 seconds. CPU system time: 0 seconds. Elapsed time: 0.11 seconds; current allocated memory: 825.746 MB.
INFO: [HLS 200-10] ----------------------------------------------------------------
INFO: [HLS 200-10] -- Generating RTL for module 'reference_signal_tx_packed' 
INFO: [HLS 200-10] ----------------------------------------------------------------
WARNING: [RTGEN 206-101] Design contains AXI ports. Reset is fixed to synchronous and active low.
INFO: [RTGEN 206-500] Setting interface mode on port 'reference_signal_tx_packed/input_stream_V_data_V' to 'axis' (register, both mode).
INFO: [RTGEN 206-500] Setting interface mode on port 'reference_signal_tx_packed/input_stream_V_keep_V' to 'axis' (register, both mode).
INFO: [RTGEN 206-500] Setting interface mode on port 'reference_signal_tx_packed/input_stream_V_strb_V' to 'axis' (register, both mode).
INFO: [RTGEN 206-500] Setting interface mode on port 'reference_signal_tx_packed/input_stream_V_last_V' to 'axis' (register, both mode).
INFO: [RTGEN 206-500] Setting interface mode on port 'reference_signal_tx_packed/output_stream_V_data_V' to 'axis' (register, both mode).
INFO: [RTGEN 206-500] Setting interface mode on port 'reference_signal_tx_packed/output_stream_V_keep_V' to 'axis' (register, both mode).
INFO: [RTGEN 206-500] Setting interface mode on port 'reference_signal_tx_packed/output_stream_V_strb_V' to 'axis' (register, both mode).
INFO: [RTGEN 206-500] Setting interface mode on port 'reference_signal_tx_packed/output_stream_V_last_V' to 'axis' (register, both mode).
INFO: [RTGEN 206-500] Setting interface mode on function 'reference_signal_tx_packed' to 'ap_ctrl_none'.
INFO: [RTGEN 206-100] Finished creating RTL model for 'reference_signal_tx_packed'.
INFO: [HLS 200-111] Finished Creating RTL model: CPU user time: 1 seconds. CPU system time: 0 seconds. Elapsed time: 0.414 seconds; current allocated memory: 828.355 MB.
INFO: [HLS 200-111] Finished Generating all RTL models: CPU user time: 0 seconds. CPU system time: 0 seconds. Elapsed time: 0.435 seconds; current allocated memory: 831.270 MB.
INFO: [HLS 200-111] Finished Updating report files: CPU user time: 0 seconds. CPU system time: 0 seconds. Elapsed time: 0.421 seconds; current allocated memory: 831.988 MB.
INFO: [VHDL 208-304] Generating VHDL RTL for reference_signal_tx_packed.
INFO: [VLOG 209-307] Generating Verilog RTL for reference_signal_tx_packed.
INFO: [HLS 200-790] **** Loop Constraint Status: All loop constraints were satisfied.
INFO: [HLS 200-789] **** Estimated Fmax: 118.78 MHz
INFO: [HLS 200-111] Finished Command csynth_design CPU user time: 3 seconds. CPU system time: 0 seconds. Elapsed time: 9.303 seconds; current allocated memory: 157.848 MB.
INFO: [HLS 200-1510] Running: cosim_design -O -rtl verilog 
INFO: [COSIM 212-47] Using XSIM for RTL simulation.
INFO: [COSIM 212-14] Instrumenting C test bench ...
INFO: [COSIM 212-302] Starting C TB testing ... 
INFO: [COSIM 212-333] Generating C post check test bench ...
INFO: [COSIM 212-12] Generating RTL test bench ...
INFO: [COSIM 212-1] *** C/RTL co-simulation file generation completed. ***
INFO: [COSIM 212-323] Starting verilog simulation. 
INFO: [COSIM 212-15] Starting XSIM ...
INFO: [COSIM 212-316] Starting C post checking ...
INFO: [COSIM 212-1000] *** C/RTL co-simulation finished: PASS ***
INFO: [COSIM 212-211] II is measurable only when transaction number is greater than 1 in RTL simulation. Otherwise, they will be marked as all NA. If user wants to calculate them, please make sure there are at least 2 transactions in RTL simulation.
INFO: [HLS 200-111] Finished Command cosim_design CPU user time: 1 seconds. CPU system time: 1 seconds. Elapsed time: 39.288 seconds; current allocated memory: 11.523 MB.
INFO: [HLS 200-1510] Running: export_design -format ip_catalog -output C:/VitisProject/Vitis/OFDM/TX/Refer/output -description HLS IP Export -version 1.0 
INFO: [IMPL 213-8] Exporting RTL as a Vivado IP.
INFO: [HLS 200-802] Generated output file output/export.zip
INFO: [HLS 200-111] Finished Command export_design CPU user time: 1 seconds. CPU system time: 0 seconds. Elaps